src/components/dashboard/FacultyDetailModal.tsx(156,9): error TS2589: Type instantiation is excessively deep and possibly infinite.
src/components/dashboard/FacultyDetailModal.tsx(157,17): error TS2769: No overload matches this call.
  Overload 1 of 2, '(relation: "departments" | "ai_insights" | "networking_contributions" | "performance_scores" | "profiles" | "research_activities" | "teaching_learning_activities" | "user_roles"): PostgrestQueryBuilder<...>', gave the following error.
    Argument of type '"fdp_programs"' is not assignable to parameter of type '"departments" | "ai_insights" | "networking_contributions" | "performance_scores" | "profiles" | "research_activities" | "teaching_learning_activities" | "user_roles"'.
  Overload 2 of 2, '(relation: never): PostgrestQueryBuilder<{ PostgrestVersion: "14.4"; }, { Tables: { ai_insights: { Row: { confidence: number; description: string; generated_at: string; id: string; insight_type: string; title: string; user_id: string; }; Insert: { ...; }; Update: { ...; }; Relationships: []; }; ... 6 more ...; user_roles: { ...; }; }; Views: {}; Functions: { ...; }; Enums: { ...; }; CompositeTypes: {}; }, never, never, never>', gave the following error.
    Argument of type '"fdp_programs"' is not assignable to parameter of type 'never'.
src/components/dashboard/FacultyDetailModal.tsx(162,17): error TS2769: No overload matches this call.
  Overload 1 of 2, '(relation: "departments" | "ai_insights" | "networking_contributions" | "performance_scores" | "profiles" | "research_activities" | "teaching_learning_activities" | "user_roles"): PostgrestQueryBuilder<...>', gave the following error.
    Argument of type '"research_papers"' is not assignable to parameter of type '"departments" | "ai_insights" | "networking_contributions" | "performance_scores" | "profiles" | "research_activities" | "teaching_learning_activities" | "user_roles"'.
  Overload 2 of 2, '(relation: never): PostgrestQueryBuilder<{ PostgrestVersion: "14.4"; }, { Tables: { ai_insights: { Row: { confidence: number; description: string; generated_at: string; id: string; insight_type: string; title: string; user_id: string; }; Insert: { ...; }; Update: { ...; }; Relationships: []; }; ... 6 more ...; user_roles: { ...; }; }; Views: {}; Functions: { ...; }; Enums: { ...; }; CompositeTypes: {}; }, never, never, never>', gave the following error.
    Argument of type '"research_papers"' is not assignable to parameter of type 'never'.
src/components/dashboard/FacultyDetailModal.tsx(167,17): error TS2769: No overload matches this call.
  Overload 1 of 2, '(relation: "departments" | "ai_insights" | "networking_contributions" | "performance_scores" | "profiles" | "research_activities" | "teaching_learning_activities" | "user_roles"): PostgrestQueryBuilder<...>', gave the following error.
    Argument of type '"certifications"' is not assignable to parameter of type '"departments" | "ai_insights" | "networking_contributions" | "performance_scores" | "profiles" | "research_activities" | "teaching_learning_activities" | "user_roles"'.
  Overload 2 of 2, '(relation: never): PostgrestQueryBuilder<{ PostgrestVersion: "14.4"; }, { Tables: { ai_insights: { Row: { confidence: number; description: string; generated_at: string; id: string; insight_type: string; title: string; user_id: string; }; Insert: { ...; }; Update: { ...; }; Relationships: []; }; ... 6 more ...; user_roles: { ...; }; }; Views: {}; Functions: { ...; }; Enums: { ...; }; CompositeTypes: {}; }, never, never, never>', gave the following error.
    Argument of type '"certifications"' is not assignable to parameter of type 'never'.
src/components/dashboard/FacultyDetailModal.tsx(172,17): error TS2769: No overload matches this call.
  Overload 1 of 2, '(relation: "departments" | "ai_insights" | "networking_contributions" | "performance_scores" | "profiles" | "research_activities" | "teaching_learning_activities" | "user_roles"): PostgrestQueryBuilder<...>', gave the following error.
    Argument of type '"industrial_visits"' is not assignable to parameter of type '"departments" | "ai_insights" | "networking_contributions" | "performance_scores" | "profiles" | "research_activities" | "teaching_learning_activities" | "user_roles"'.
  Overload 2 of 2, '(relation: never): PostgrestQueryBuilder<{ PostgrestVersion: "14.4"; }, { Tables: { ai_insights: { Row: { confidence: number; description: string; generated_at: string; id: string; insight_type: string; title: string; user_id: string; }; Insert: { ...; }; Update: { ...; }; Relationships: []; }; ... 6 more ...; user_roles: { ...; }; }; Views: {}; Functions: { ...; }; Enums: { ...; }; CompositeTypes: {}; }, never, never, never>', gave the following error.
    Argument of type '"industrial_visits"' is not assignable to parameter of type 'never'.
src/components/dashboard/FacultyDetailModal.tsx(177,17): error TS2769: No overload matches this call.
  Overload 1 of 2, '(relation: "departments" | "ai_insights" | "networking_contributions" | "performance_scores" | "profiles" | "research_activities" | "teaching_learning_activities" | "user_roles"): PostgrestQueryBuilder<...>', gave the following error.
    Argument of type '"courses_handled"' is not assignable to parameter of type '"departments" | "ai_insights" | "networking_contributions" | "performance_scores" | "profiles" | "research_activities" | "teaching_learning_activities" | "user_roles"'.
  Overload 2 of 2, '(relation: never): PostgrestQueryBuilder<{ PostgrestVersion: "14.4"; }, { Tables: { ai_insights: { Row: { confidence: number; description: string; generated_at: string; id: string; insight_type: string; title: string; user_id: string; }; Insert: { ...; }; Update: { ...; }; Relationships: []; }; ... 6 more ...; user_roles: { ...; }; }; Views: {}; Functions: { ...; }; Enums: { ...; }; CompositeTypes: {}; }, never, never, never>', gave the following error.
    Argument of type '"courses_handled"' is not assignable to parameter of type 'never'.
src/components/dashboard/FacultyDetailModal.tsx(190,47): error TS2345: Argument of type '{ calculated_at: string; category: string; contribution_score: number; overall_score: number; research_score: number; teaching_score: number; user_id: string; }' is not assignable to parameter of type 'SetStateAction<PerformanceScore>'.
  Type '{ calculated_at: string; category: string; contribution_score: number; overall_score: number; research_score: number; teaching_score: number; user_id: string; }' is missing the following properties from type 'PerformanceScore': fdp_score, visit_score, course_score, certification_score, trend
src/components/dashboard/FacultyDetailModal.tsx(192,33): error TS2345: Argument of type '({ calculated_at: string; category: string; contribution_score: number; overall_score: number; research_score: number; teaching_score: number; user_id: string; } | { confidence: number; description: string; ... 4 more ...; user_id: string; } | ... 5 more ... | { ...; })[]' is not assignable to parameter of type 'SetStateAction<FDPProgram[]>'.
  Type '({ calculated_at: string; category: string; contribution_score: number; overall_score: number; research_score: number; teaching_score: number; user_id: string; } | { confidence: number; description: string; ... 4 more ...; user_id: string; } | ... 5 more ... | { ...; })[]' is not assignable to type 'FDPProgram[]'.
    Type '{ calculated_at: string; category: string; contribution_score: number; overall_score: number; research_score: number; teaching_score: number; user_id: string; } | { confidence: number; description: string; ... 4 more ...; user_id: string; } | ... 5 more ... | { ...; }' is not assignable to type 'FDPProgram'.
      Type '{ calculated_at: string; category: string; contribution_score: number; overall_score: number; research_score: number; teaching_score: number; user_id: string; }' is missing the following properties from type 'FDPProgram': id, name, organization, start_date, end_date
src/components/dashboard/FacultyDetailModal.tsx(193,37): error TS2345: Argument of type '({ calculated_at: string; category: string; contribution_score: number; overall_score: number; research_score: number; teaching_score: number; user_id: string; } | { confidence: number; description: string; ... 4 more ...; user_id: string; } | ... 5 more ... | { ...; })[]' is not assignable to parameter of type 'SetStateAction<ResearchPaper[]>'.
  Type '({ calculated_at: string; category: string; contribution_score: number; overall_score: number; research_score: number; teaching_score: number; user_id: string; } | { confidence: number; description: string; ... 4 more ...; user_id: string; } | ... 5 more ... | { ...; })[]' is not assignable to type 'ResearchPaper[]'.
    Type '{ calculated_at: string; category: string; contribution_score: number; overall_score: number; research_score: number; teaching_score: number; user_id: string; } | { confidence: number; description: string; ... 4 more ...; user_id: string; } | ... 5 more ... | { ...; }' is not assignable to type 'ResearchPaper'.
      Type '{ calculated_at: string; category: string; contribution_score: number; overall_score: number; research_score: number; teaching_score: number; user_id: string; }' is missing the following properties from type 'ResearchPaper': id, title, journal, publication_year, citations
src/components/dashboard/FacultyDetailModal.tsx(194,44): error TS2345: Argument of type '({ calculated_at: string; category: string; contribution_score: number; overall_score: number; research_score: number; teaching_score: number; user_id: string; } | { confidence: number; description: string; ... 4 more ...; user_id: string; } | ... 5 more ... | { ...; })[]' is not assignable to parameter of type 'SetStateAction<Certification[]>'.
  Type '({ calculated_at: string; category: string; contribution_score: number; overall_score: number; research_score: number; teaching_score: number; user_id: string; } | { confidence: number; description: string; ... 4 more ...; user_id: string; } | ... 5 more ... | { ...; })[]' is not assignable to type 'Certification[]'.
    Type '{ calculated_at: string; category: string; contribution_score: number; overall_score: number; research_score: number; teaching_score: number; user_id: string; } | { confidence: number; description: string; ... 4 more ...; user_id: string; } | ... 5 more ... | { ...; }' is not assignable to type 'Certification'.
      Type '{ calculated_at: string; category: string; contribution_score: number; overall_score: number; research_score: number; teaching_score: number; user_id: string; }' is missing the following properties from type 'Certification': id, name, provider, issue_date
src/components/dashboard/FacultyDetailModal.tsx(195,37): error TS2345: Argument of type '({ calculated_at: string; category: string; contribution_score: number; overall_score: number; research_score: number; teaching_score: number; user_id: string; } | { confidence: number; description: string; ... 4 more ...; user_id: string; } | ... 5 more ... | { ...; })[]' is not assignable to parameter of type 'SetStateAction<IndustrialVisit[]>'.
  Type '({ calculated_at: string; category: string; contribution_score: number; overall_score: number; research_score: number; teaching_score: number; user_id: string; } | { confidence: number; description: string; ... 4 more ...; user_id: string; } | ... 5 more ... | { ...; })[]' is not assignable to type 'IndustrialVisit[]'.
    Type '{ calculated_at: string; category: string; contribution_score: number; overall_score: number; research_score: number; teaching_score: number; user_id: string; } | { confidence: number; description: string; ... 4 more ...; user_id: string; } | ... 5 more ... | { ...; }' is not assignable to type 'IndustrialVisit'.
      Type '{ calculated_at: string; category: string; contribution_score: number; overall_score: number; research_score: number; teaching_score: number; user_id: string; }' is missing the following properties from type 'IndustrialVisit': id, industry_name, location, visit_date, students_count
src/components/dashboard/FacultyDetailModal.tsx(196,39): error TS2345: Argument of type '({ calculated_at: string; category: string; contribution_score: number; overall_score: number; research_score: number; teaching_score: number; user_id: string; } | { confidence: number; description: string; ... 4 more ...; user_id: string; } | ... 5 more ... | { ...; })[]' is not assignable to parameter of type 'SetStateAction<CourseHandled[]>'.
  Type '({ calculated_at: string; category: string; contribution_score: number; overall_score: number; research_score: number; teaching_score: number; user_id: string; } | { confidence: number; description: string; ... 4 more ...; user_id: string; } | ... 5 more ... | { ...; })[]' is not assignable to type 'CourseHandled[]'.
    Type '{ calculated_at: string; category: string; contribution_score: number; overall_score: number; research_score: number; teaching_score: number; user_id: string; } | { confidence: number; description: string; ... 4 more ...; user_id: string; } | ... 5 more ... | { ...; }' is not assignable to type 'CourseHandled'.
      Type '{ calculated_at: string; category: string; contribution_score: number; overall_score: number; research_score: number; teaching_score: number; user_id: string; }' is missing the following properties from type 'CourseHandled': id, course_name, course_code, semester, and 2 more.
src/integrations/supabase/appraisal.ts(27,46): error TS2345: Argument of type '"calculate_final_appraisal"' is not assignable to parameter of type '"calculate_performance_score"'.
src/integrations/supabase/appraisal.ts(35,45): error TS2339: Property 'length' does not exist on type 'never'.
src/integrations/supabase/appraisal.ts(43,26): error TS2339: Property 'category1_total' does not exist on type 'never'.
src/integrations/supabase/appraisal.ts(44,26): error TS2339: Property 'category2_total' does not exist on type 'never'.
src/integrations/supabase/appraisal.ts(45,26): error TS2339: Property 'category3_total' does not exist on type 'never'.
src/integrations/supabase/appraisal.ts(46,22): error TS2339: Property 'total_score' does not exist on type 'never'.
src/integrations/supabase/appraisal.ts(47,28): error TS2339: Property 'percentage' does not exist on type 'never'.
src/integrations/supabase/appraisal.ts(48,22): error TS2339: Property 'final_grade' does not exist on type 'never'.
src/pages/admin/AdminDashboard.tsx(75,29): error TS2339: Property 'totalPapers' does not exist on type 'DashboardStats'.
src/pages/admin/AdminDashboard.tsx(75,70): error TS2339: Property 'totalCertifications' does not exist on type 'DashboardStats'.
src/pages/admin/AdminDashboard.tsx(126,24): error TS2339: Property 'totalPapers' does not exist on type 'DashboardStats'.
src/pages/admin/AdminDashboard.tsx(169,29): error TS2339: Property 'trend' does not exist on type 'PerformanceData'.
src/pages/admin/AnalyticsPage.tsx(83,23): error TS2769: No overload matches this call.
  Overload 1 of 2, '(relation: "departments" | "ai_insights" | "networking_contributions" | "performance_scores" | "profiles" | "research_activities" | "teaching_learning_activities" | "user_roles"): PostgrestQueryBuilder<...>', gave the following error.
    Argument of type '"courses_handled"' is not assignable to parameter of type '"departments" | "ai_insights" | "networking_contributions" | "performance_scores" | "profiles" | "research_activities" | "teaching_learning_activities" | "user_roles"'.
  Overload 2 of 2, '(relation: never): PostgrestQueryBuilder<{ PostgrestVersion: "14.4"; }, { Tables: { ai_insights: { Row: { confidence: number; description: string; generated_at: string; id: string; insight_type: string; title: string; user_id: string; }; Insert: { ...; }; Update: { ...; }; Relationships: []; }; ... 6 more ...; user_roles: { ...; }; }; Views: {}; Functions: { ...; }; Enums: { ...; }; CompositeTypes: {}; }, never, never, never>', gave the following error.
    Argument of type '"courses_handled"' is not assignable to parameter of type 'never'.
src/pages/admin/AnalyticsPage.tsx(84,23): error TS2769: No overload matches this call.
  Overload 1 of 2, '(relation: "departments" | "ai_insights" | "networking_contributions" | "performance_scores" | "profiles" | "research_activities" | "teaching_learning_activities" | "user_roles"): PostgrestQueryBuilder<...>', gave the following error.
    Argument of type '"research_papers"' is not assignable to parameter of type '"departments" | "ai_insights" | "networking_contributions" | "performance_scores" | "profiles" | "research_activities" | "teaching_learning_activities" | "user_roles"'.
  Overload 2 of 2, '(relation: never): PostgrestQueryBuilder<{ PostgrestVersion: "14.4"; }, { Tables: { ai_insights: { Row: { confidence: number; description: string; generated_at: string; id: string; insight_type: string; title: string; user_id: string; }; Insert: { ...; }; Update: { ...; }; Relationships: []; }; ... 6 more ...; user_roles: { ...; }; }; Views: {}; Functions: { ...; }; Enums: { ...; }; CompositeTypes: {}; }, never, never, never>', gave the following error.
    Argument of type '"research_papers"' is not assignable to parameter of type 'never'.
src/pages/admin/AnalyticsPage.tsx(85,23): error TS2769: No overload matches this call.
  Overload 1 of 2, '(relation: "departments" | "ai_insights" | "networking_contributions" | "performance_scores" | "profiles" | "research_activities" | "teaching_learning_activities" | "user_roles"): PostgrestQueryBuilder<...>', gave the following error.
    Argument of type '"book_publications"' is not assignable to parameter of type '"departments" | "ai_insights" | "networking_contributions" | "performance_scores" | "profiles" | "research_activities" | "teaching_learning_activities" | "user_roles"'.
  Overload 2 of 2, '(relation: never): PostgrestQueryBuilder<{ PostgrestVersion: "14.4"; }, { Tables: { ai_insights: { Row: { confidence: number; description: string; generated_at: string; id: string; insight_type: string; title: string; user_id: string; }; Insert: { ...; }; Update: { ...; }; Relationships: []; }; ... 6 more ...; user_roles: { ...; }; }; Views: {}; Functions: { ...; }; Enums: { ...; }; CompositeTypes: {}; }, never, never, never>', gave the following error.
    Argument of type '"book_publications"' is not assignable to parameter of type 'never'.
src/pages/admin/AnalyticsPage.tsx(86,23): error TS2769: No overload matches this call.
  Overload 1 of 2, '(relation: "departments" | "ai_insights" | "networking_contributions" | "performance_scores" | "profiles" | "research_activities" | "teaching_learning_activities" | "user_roles"): PostgrestQueryBuilder<...>', gave the following error.
    Argument of type '"conference_publications"' is not assignable to parameter of type '"departments" | "ai_insights" | "networking_contributions" | "performance_scores" | "profiles" | "research_activities" | "teaching_learning_activities" | "user_roles"'.
  Overload 2 of 2, '(relation: never): PostgrestQueryBuilder<{ PostgrestVersion: "14.4"; }, { Tables: { ai_insights: { Row: { confidence: number; description: string; generated_at: string; id: string; insight_type: string; title: string; user_id: string; }; Insert: { ...; }; Update: { ...; }; Relationships: []; }; ... 6 more ...; user_roles: { ...; }; }; Views: {}; Functions: { ...; }; Enums: { ...; }; CompositeTypes: {}; }, never, never, never>', gave the following error.
    Argument of type '"conference_publications"' is not assignable to parameter of type 'never'.
src/pages/faculty/BookChapters.tsx(73,15): error TS2769: No overload matches this call.
  Overload 1 of 2, '(relation: "departments" | "ai_insights" | "networking_contributions" | "performance_scores" | "profiles" | "research_activities" | "teaching_learning_activities" | "user_roles"): PostgrestQueryBuilder<...>', gave the following error.
    Argument of type '"book_chapters"' is not assignable to parameter of type '"departments" | "ai_insights" | "networking_contributions" | "performance_scores" | "profiles" | "research_activities" | "teaching_learning_activities" | "user_roles"'.
  Overload 2 of 2, '(relation: never): PostgrestQueryBuilder<{ PostgrestVersion: "14.4"; }, { Tables: { ai_insights: { Row: { confidence: number; description: string; generated_at: string; id: string; insight_type: string; title: string; user_id: string; }; Insert: { ...; }; Update: { ...; }; Relationships: []; }; ... 6 more ...; user_roles: { ...; }; }; Views: {}; Functions: { ...; }; Enums: { ...; }; CompositeTypes: {}; }, never, never, never>', gave the following error.
    Argument of type '"book_chapters"' is not assignable to parameter of type 'never'.
src/pages/faculty/BookChapters.tsx(80,20): error TS2345: Argument of type '({ calculated_at: string; category: string; contribution_score: number; overall_score: number; research_score: number; teaching_score: number; user_id: string; } | { confidence: number; description: string; ... 4 more ...; user_id: string; } | ... 5 more ... | { ...; })[]' is not assignable to parameter of type 'SetStateAction<BookChapterRecord[]>'.
  Type '({ calculated_at: string; category: string; contribution_score: number; overall_score: number; research_score: number; teaching_score: number; user_id: string; } | { confidence: number; description: string; ... 4 more ...; user_id: string; } | ... 5 more ... | { ...; })[]' is not assignable to type 'BookChapterRecord[]'.
    Type '{ calculated_at: string; category: string; contribution_score: number; overall_score: number; research_score: number; teaching_score: number; user_id: string; } | { confidence: number; description: string; ... 4 more ...; user_id: string; } | ... 5 more ... | { ...; }' is not assignable to type 'BookChapterRecord'.
      Type '{ calculated_at: string; category: string; contribution_score: number; overall_score: number; research_score: number; teaching_score: number; user_id: string; }' is missing the following properties from type 'BookChapterRecord': id, chapter_title, book_title, publisher_name, and 7 more.
src/pages/faculty/BookChapters.tsx(157,17): error TS2769: No overload matches this call.
  Overload 1 of 2, '(relation: "departments" | "ai_insights" | "networking_contributions" | "performance_scores" | "profiles" | "research_activities" | "teaching_learning_activities" | "user_roles"): PostgrestQueryBuilder<...>', gave the following error.
    Argument of type '"book_chapters"' is not assignable to parameter of type '"departments" | "ai_insights" | "networking_contributions" | "performance_scores" | "profiles" | "research_activities" | "teaching_learning_activities" | "user_roles"'.
  Overload 2 of 2, '(relation: never): PostgrestQueryBuilder<{ PostgrestVersion: "14.4"; }, { Tables: { ai_insights: { Row: { confidence: number; description: string; generated_at: string; id: string; insight_type: string; title: string; user_id: string; }; Insert: { ...; }; Update: { ...; }; Relationships: []; }; ... 6 more ...; user_roles: { ...; }; }; Views: {}; Functions: { ...; }; Enums: { ...; }; CompositeTypes: {}; }, never, never, never>', gave the following error.
    Argument of type '"book_chapters"' is not assignable to parameter of type 'never'.
src/pages/faculty/BookChapters.tsx(170,17): error TS2769: No overload matches this call.
  Overload 1 of 2, '(relation: "departments" | "ai_insights" | "networking_contributions" | "performance_scores" | "profiles" | "research_activities" | "teaching_learning_activities" | "user_roles"): PostgrestQueryBuilder<...>', gave the following error.
    Argument of type '"book_chapters"' is not assignable to parameter of type '"departments" | "ai_insights" | "networking_contributions" | "performance_scores" | "profiles" | "research_activities" | "teaching_learning_activities" | "user_roles"'.
  Overload 2 of 2, '(relation: never): PostgrestQueryBuilder<{ PostgrestVersion: "14.4"; }, { Tables: { ai_insights: { Row: { confidence: number; description: string; generated_at: string; id: string; insight_type: string; title: string; user_id: string; }; Insert: { ...; }; Update: { ...; }; Relationships: []; }; ... 6 more ...; user_roles: { ...; }; }; Views: {}; Functions: { ...; }; Enums: { ...; }; CompositeTypes: {}; }, never, never, never>', gave the following error.
    Argument of type '"book_chapters"' is not assignable to parameter of type 'never'.
src/pages/faculty/BookChapters.tsx(201,15): error TS2769: No overload matches this call.
  Overload 1 of 2, '(relation: "departments" | "ai_insights" | "networking_contributions" | "performance_scores" | "profiles" | "research_activities" | "teaching_learning_activities" | "user_roles"): PostgrestQueryBuilder<...>', gave the following error.
    Argument of type '"book_chapters"' is not assignable to parameter of type '"departments" | "ai_insights" | "networking_contributions" | "performance_scores" | "profiles" | "research_activities" | "teaching_learning_activities" | "user_roles"'.
  Overload 2 of 2, '(relation: never): PostgrestQueryBuilder<{ PostgrestVersion: "14.4"; }, { Tables: { ai_insights: { Row: { confidence: number; description: string; generated_at: string; id: string; insight_type: string; title: string; user_id: string; }; Insert: { ...; }; Update: { ...; }; Relationships: []; }; ... 6 more ...; user_roles: { ...; }; }; Views: {}; Functions: { ...; }; Enums: { ...; }; CompositeTypes: {}; }, never, never, never>', gave the following error.
    Argument of type '"book_chapters"' is not assignable to parameter of type 'never'.
src/pages/faculty/BookPublicationsManagement.tsx(84,15): error TS2769: No overload matches this call.
  Overload 1 of 2, '(relation: "departments" | "ai_insights" | "networking_contributions" | "performance_scores" | "profiles" | "research_activities" | "teaching_learning_activities" | "user_roles"): PostgrestQueryBuilder<...>', gave the following error.
    Argument of type '"book_publications"' is not assignable to parameter of type '"departments" | "ai_insights" | "networking_contributions" | "performance_scores" | "profiles" | "research_activities" | "teaching_learning_activities" | "user_roles"'.
  Overload 2 of 2, '(relation: never): PostgrestQueryBuilder<{ PostgrestVersion: "14.4"; }, { Tables: { ai_insights: { Row: { confidence: number; description: string; generated_at: string; id: string; insight_type: string; title: string; user_id: string; }; Insert: { ...; }; Update: { ...; }; Relationships: []; }; ... 6 more ...; user_roles: { ...; }; }; Views: {}; Functions: { ...; }; Enums: { ...; }; CompositeTypes: {}; }, never, never, never>', gave the following error.
    Argument of type '"book_publications"' is not assignable to parameter of type 'never'.
src/pages/faculty/BookPublicationsManagement.tsx(89,16): error TS2345: Argument of type '({ calculated_at: string; category: string; contribution_score: number; overall_score: number; research_score: number; teaching_score: number; user_id: string; } | { confidence: number; description: string; ... 4 more ...; user_id: string; } | ... 5 more ... | { ...; })[]' is not assignable to parameter of type 'SetStateAction<BookPublication[]>'.
  Type '({ calculated_at: string; category: string; contribution_score: number; overall_score: number; research_score: number; teaching_score: number; user_id: string; } | { confidence: number; description: string; ... 4 more ...; user_id: string; } | ... 5 more ... | { ...; })[]' is not assignable to type 'BookPublication[]'.
    Type '{ calculated_at: string; category: string; contribution_score: number; overall_score: number; research_score: number; teaching_score: number; user_id: string; } | { confidence: number; description: string; ... 4 more ...; user_id: string; } | ... 5 more ... | { ...; }' is not assignable to type 'BookPublication'.
      Type '{ calculated_at: string; category: string; contribution_score: number; overall_score: number; research_score: number; teaching_score: number; user_id: string; }' is missing the following properties from type 'BookPublication': id, title, authors, publisher, and 5 more.
src/pages/faculty/BookPublicationsManagement.tsx(159,17): error TS2769: No overload matches this call.
  Overload 1 of 2, '(relation: "departments" | "ai_insights" | "networking_contributions" | "performance_scores" | "profiles" | "research_activities" | "teaching_learning_activities" | "user_roles"): PostgrestQueryBuilder<...>', gave the following error.
    Argument of type '"book_publications"' is not assignable to parameter of type '"departments" | "ai_insights" | "networking_contributions" | "performance_scores" | "profiles" | "research_activities" | "teaching_learning_activities" | "user_roles"'.
  Overload 2 of 2, '(relation: never): PostgrestQueryBuilder<{ PostgrestVersion: "14.4"; }, { Tables: { ai_insights: { Row: { confidence: number; description: string; generated_at: string; id: string; insight_type: string; title: string; user_id: string; }; Insert: { ...; }; Update: { ...; }; Relationships: []; }; ... 6 more ...; user_roles: { ...; }; }; Views: {}; Functions: { ...; }; Enums: { ...; }; CompositeTypes: {}; }, never, never, never>', gave the following error.
    Argument of type '"book_publications"' is not assignable to parameter of type 'never'.
src/pages/faculty/BookPublicationsManagement.tsx(167,17): error TS2769: No overload matches this call.
  Overload 1 of 2, '(relation: "departments" | "ai_insights" | "networking_contributions" | "performance_scores" | "profiles" | "research_activities" | "teaching_learning_activities" | "user_roles"): PostgrestQueryBuilder<...>', gave the following error.
    Argument of type '"book_publications"' is not assignable to parameter of type '"departments" | "ai_insights" | "networking_contributions" | "performance_scores" | "profiles" | "research_activities" | "teaching_learning_activities" | "user_roles"'.
  Overload 2 of 2, '(relation: never): PostgrestQueryBuilder<{ PostgrestVersion: "14.4"; }, { Tables: { ai_insights: { Row: { confidence: number; description: string; generated_at: string; id: string; insight_type: string; title: string; user_id: string; }; Insert: { ...; }; Update: { ...; }; Relationships: []; }; ... 6 more ...; user_roles: { ...; }; }; Views: {}; Functions: { ...; }; Enums: { ...; }; CompositeTypes: {}; }, never, never, never>', gave the following error.
    Argument of type '"book_publications"' is not assignable to parameter of type 'never'.
src/pages/faculty/BookPublicationsManagement.tsx(189,15): error TS2769: No overload matches this call.
  Overload 1 of 2, '(relation: "departments" | "ai_insights" | "networking_contributions" | "performance_scores" | "profiles" | "research_activities" | "teaching_learning_activities" | "user_roles"): PostgrestQueryBuilder<...>', gave the following error.
    Argument of type '"book_publications"' is not assignable to parameter of type '"departments" | "ai_insights" | "networking_contributions" | "performance_scores" | "profiles" | "research_activities" | "teaching_learning_activities" | "user_roles"'.
  Overload 2 of 2, '(relation: never): PostgrestQueryBuilder<{ PostgrestVersion: "14.4"; }, { Tables: { ai_insights: { Row: { confidence: number; description: string; generated_at: string; id: string; insight_type: string; title: string; user_id: string; }; Insert: { ...; }; Update: { ...; }; Relationships: []; }; ... 6 more ...; user_roles: { ...; }; }; Views: {}; Functions: { ...; }; Enums: { ...; }; CompositeTypes: {}; }, never, never, never>', gave the following error.
    Argument of type '"book_publications"' is not assignable to parameter of type 'never'.
src/pages/faculty/CertificationsManagement.tsx(68,15): error TS2769: No overload matches this call.
  Overload 1 of 2, '(relation: "departments" | "ai_insights" | "networking_contributions" | "performance_scores" | "profiles" | "research_activities" | "teaching_learning_activities" | "user_roles"): PostgrestQueryBuilder<...>', gave the following error.
    Argument of type '"certifications"' is not assignable to parameter of type '"departments" | "ai_insights" | "networking_contributions" | "performance_scores" | "profiles" | "research_activities" | "teaching_learning_activities" | "user_roles"'.
  Overload 2 of 2, '(relation: never): PostgrestQueryBuilder<{ PostgrestVersion: "14.4"; }, { Tables: { ai_insights: { Row: { confidence: number; description: string; generated_at: string; id: string; insight_type: string; title: string; user_id: string; }; Insert: { ...; }; Update: { ...; }; Relationships: []; }; ... 6 more ...; user_roles: { ...; }; }; Views: {}; Functions: { ...; }; Enums: { ...; }; CompositeTypes: {}; }, never, never, never>', gave the following error.
    Argument of type '"certifications"' is not assignable to parameter of type 'never'.
src/pages/faculty/CertificationsManagement.tsx(73,25): error TS2345: Argument of type '({ calculated_at: string; category: string; contribution_score: number; overall_score: number; research_score: number; teaching_score: number; user_id: string; } | { confidence: number; description: string; ... 4 more ...; user_id: string; } | ... 5 more ... | { ...; })[]' is not assignable to parameter of type 'SetStateAction<Certification[]>'.
  Type '({ calculated_at: string; category: string; contribution_score: number; overall_score: number; research_score: number; teaching_score: number; user_id: string; } | { confidence: number; description: string; ... 4 more ...; user_id: string; } | ... 5 more ... | { ...; })[]' is not assignable to type 'Certification[]'.
    Type '{ calculated_at: string; category: string; contribution_score: number; overall_score: number; research_score: number; teaching_score: number; user_id: string; } | { confidence: number; description: string; ... 4 more ...; user_id: string; } | ... 5 more ... | { ...; }' is not assignable to type 'Certification'.
      Type '{ calculated_at: string; category: string; contribution_score: number; overall_score: number; research_score: number; teaching_score: number; user_id: string; }' is missing the following properties from type 'Certification': id, name, provider, issue_date, and 4 more.
src/pages/faculty/CertificationsManagement.tsx(136,17): error TS2769: No overload matches this call.
  Overload 1 of 2, '(relation: "departments" | "ai_insights" | "networking_contributions" | "performance_scores" | "profiles" | "research_activities" | "teaching_learning_activities" | "user_roles"): PostgrestQueryBuilder<...>', gave the following error.
    Argument of type '"certifications"' is not assignable to parameter of type '"departments" | "ai_insights" | "networking_contributions" | "performance_scores" | "profiles" | "research_activities" | "teaching_learning_activities" | "user_roles"'.
  Overload 2 of 2, '(relation: never): PostgrestQueryBuilder<{ PostgrestVersion: "14.4"; }, { Tables: { ai_insights: { Row: { confidence: number; description: string; generated_at: string; id: string; insight_type: string; title: string; user_id: string; }; Insert: { ...; }; Update: { ...; }; Relationships: []; }; ... 6 more ...; user_roles: { ...; }; }; Views: {}; Functions: { ...; }; Enums: { ...; }; CompositeTypes: {}; }, never, never, never>', gave the following error.
    Argument of type '"certifications"' is not assignable to parameter of type 'never'.
src/pages/faculty/CertificationsManagement.tsx(144,17): error TS2769: No overload matches this call.
  Overload 1 of 2, '(relation: "departments" | "ai_insights" | "networking_contributions" | "performance_scores" | "profiles" | "research_activities" | "teaching_learning_activities" | "user_roles"): PostgrestQueryBuilder<...>', gave the following error.
    Argument of type '"certifications"' is not assignable to parameter of type '"departments" | "ai_insights" | "networking_contributions" | "performance_scores" | "profiles" | "research_activities" | "teaching_learning_activities" | "user_roles"'.
  Overload 2 of 2, '(relation: never): PostgrestQueryBuilder<{ PostgrestVersion: "14.4"; }, { Tables: { ai_insights: { Row: { confidence: number; description: string; generated_at: string; id: string; insight_type: string; title: string; user_id: string; }; Insert: { ...; }; Update: { ...; }; Relationships: []; }; ... 6 more ...; user_roles: { ...; }; }; Views: {}; Functions: { ...; }; Enums: { ...; }; CompositeTypes: {}; }, never, never, never>', gave the following error.
    Argument of type '"certifications"' is not assignable to parameter of type 'never'.
src/pages/faculty/CertificationsManagement.tsx(166,15): error TS2769: No overload matches this call.
  Overload 1 of 2, '(relation: "departments" | "ai_insights" | "networking_contributions" | "performance_scores" | "profiles" | "research_activities" | "teaching_learning_activities" | "user_roles"): PostgrestQueryBuilder<...>', gave the following error.
    Argument of type '"certifications"' is not assignable to parameter of type '"departments" | "ai_insights" | "networking_contributions" | "performance_scores" | "profiles" | "research_activities" | "teaching_learning_activities" | "user_roles"'.
  Overload 2 of 2, '(relation: never): PostgrestQueryBuilder<{ PostgrestVersion: "14.4"; }, { Tables: { ai_insights: { Row: { confidence: number; description: string; generated_at: string; id: string; insight_type: string; title: string; user_id: string; }; Insert: { ...; }; Update: { ...; }; Relationships: []; }; ... 6 more ...; user_roles: { ...; }; }; Views: {}; Functions: { ...; }; Enums: { ...; }; CompositeTypes: {}; }, never, never, never>', gave the following error.
    Argument of type '"certifications"' is not assignable to parameter of type 'never'.
src/pages/faculty/ConferencePublicationsManagement.tsx(87,15): error TS2769: No overload matches this call.
  Overload 1 of 2, '(relation: "departments" | "ai_insights" | "networking_contributions" | "performance_scores" | "profiles" | "research_activities" | "teaching_learning_activities" | "user_roles"): PostgrestQueryBuilder<...>', gave the following error.
    Argument of type '"conference_publications"' is not assignable to parameter of type '"departments" | "ai_insights" | "networking_contributions" | "performance_scores" | "profiles" | "research_activities" | "teaching_learning_activities" | "user_roles"'.
  Overload 2 of 2, '(relation: never): PostgrestQueryBuilder<{ PostgrestVersion: "14.4"; }, { Tables: { ai_insights: { Row: { confidence: number; description: string; generated_at: string; id: string; insight_type: string; title: string; user_id: string; }; Insert: { ...; }; Update: { ...; }; Relationships: []; }; ... 6 more ...; user_roles: { ...; }; }; Views: {}; Functions: { ...; }; Enums: { ...; }; CompositeTypes: {}; }, never, never, never>', gave the following error.
    Argument of type '"conference_publications"' is not assignable to parameter of type 'never'.
src/pages/faculty/ConferencePublicationsManagement.tsx(92,22): error TS2345: Argument of type '({ calculated_at: string; category: string; contribution_score: number; overall_score: number; research_score: number; teaching_score: number; user_id: string; } | { confidence: number; description: string; ... 4 more ...; user_id: string; } | ... 5 more ... | { ...; })[]' is not assignable to parameter of type 'SetStateAction<ConferencePublication[]>'.
  Type '({ calculated_at: string; category: string; contribution_score: number; overall_score: number; research_score: number; teaching_score: number; user_id: string; } | { confidence: number; description: string; ... 4 more ...; user_id: string; } | ... 5 more ... | { ...; })[]' is not assignable to type 'ConferencePublication[]'.
    Type '{ calculated_at: string; category: string; contribution_score: number; overall_score: number; research_score: number; teaching_score: number; user_id: string; } | { confidence: number; description: string; ... 4 more ...; user_id: string; } | ... 5 more ... | { ...; }' is not assignable to type 'ConferencePublication'.
      Type '{ calculated_at: string; category: string; contribution_score: number; overall_score: number; research_score: number; teaching_score: number; user_id: string; }' is missing the following properties from type 'ConferencePublication': id, title, conference_name, location, and 6 more.
src/pages/faculty/ConferencePublicationsManagement.tsx(165,17): error TS2769: No overload matches this call.
  Overload 1 of 2, '(relation: "departments" | "ai_insights" | "networking_contributions" | "performance_scores" | "profiles" | "research_activities" | "teaching_learning_activities" | "user_roles"): PostgrestQueryBuilder<...>', gave the following error.
    Argument of type '"conference_publications"' is not assignable to parameter of type '"departments" | "ai_insights" | "networking_contributions" | "performance_scores" | "profiles" | "research_activities" | "teaching_learning_activities" | "user_roles"'.
  Overload 2 of 2, '(relation: never): PostgrestQueryBuilder<{ PostgrestVersion: "14.4"; }, { Tables: { ai_insights: { Row: { confidence: number; description: string; generated_at: string; id: string; insight_type: string; title: string; user_id: string; }; Insert: { ...; }; Update: { ...; }; Relationships: []; }; ... 6 more ...; user_roles: { ...; }; }; Views: {}; Functions: { ...; }; Enums: { ...; }; CompositeTypes: {}; }, never, never, never>', gave the following error.
    Argument of type '"conference_publications"' is not assignable to parameter of type 'never'.
src/pages/faculty/ConferencePublicationsManagement.tsx(173,17): error TS2769: No overload matches this call.
  Overload 1 of 2, '(relation: "departments" | "ai_insights" | "networking_contributions" | "performance_scores" | "profiles" | "research_activities" | "teaching_learning_activities" | "user_roles"): PostgrestQueryBuilder<...>', gave the following error.
    Argument of type '"conference_publications"' is not assignable to parameter of type '"departments" | "ai_insights" | "networking_contributions" | "performance_scores" | "profiles" | "research_activities" | "teaching_learning_activities" | "user_roles"'.
  Overload 2 of 2, '(relation: never): PostgrestQueryBuilder<{ PostgrestVersion: "14.4"; }, { Tables: { ai_insights: { Row: { confidence: number; description: string; generated_at: string; id: string; insight_type: string; title: string; user_id: string; }; Insert: { ...; }; Update: { ...; }; Relationships: []; }; ... 6 more ...; user_roles: { ...; }; }; Views: {}; Functions: { ...; }; Enums: { ...; }; CompositeTypes: {}; }, never, never, never>', gave the following error.
    Argument of type '"conference_publications"' is not assignable to parameter of type 'never'.
src/pages/faculty/ConferencePublicationsManagement.tsx(195,15): error TS2769: No overload matches this call.
  Overload 1 of 2, '(relation: "departments" | "ai_insights" | "networking_contributions" | "performance_scores" | "profiles" | "research_activities" | "teaching_learning_activities" | "user_roles"): PostgrestQueryBuilder<...>', gave the following error.
    Argument of type '"conference_publications"' is not assignable to parameter of type '"departments" | "ai_insights" | "networking_contributions" | "performance_scores" | "profiles" | "research_activities" | "teaching_learning_activities" | "user_roles"'.
  Overload 2 of 2, '(relation: never): PostgrestQueryBuilder<{ PostgrestVersion: "14.4"; }, { Tables: { ai_insights: { Row: { confidence: number; description: string; generated_at: string; id: string; insight_type: string; title: string; user_id: string; }; Insert: { ...; }; Update: { ...; }; Relationships: []; }; ... 6 more ...; user_roles: { ...; }; }; Views: {}; Functions: { ...; }; Enums: { ...; }; CompositeTypes: {}; }, never, never, never>', gave the following error.
    Argument of type '"conference_publications"' is not assignable to parameter of type 'never'.
src/pages/faculty/CoursesManagement.tsx(98,15): error TS2769: No overload matches this call.
  Overload 1 of 2, '(relation: "departments" | "ai_insights" | "networking_contributions" | "performance_scores" | "profiles" | "research_activities" | "teaching_learning_activities" | "user_roles"): PostgrestQueryBuilder<...>', gave the following error.
    Argument of type '"courses_handled"' is not assignable to parameter of type '"departments" | "ai_insights" | "networking_contributions" | "performance_scores" | "profiles" | "research_activities" | "teaching_learning_activities" | "user_roles"'.
  Overload 2 of 2, '(relation: never): PostgrestQueryBuilder<{ PostgrestVersion: "14.4"; }, { Tables: { ai_insights: { Row: { confidence: number; description: string; generated_at: string; id: string; insight_type: string; title: string; user_id: string; }; Insert: { ...; }; Update: { ...; }; Relationships: []; }; ... 6 more ...; user_roles: { ...; }; }; Views: {}; Functions: { ...; }; Enums: { ...; }; CompositeTypes: {}; }, never, never, never>', gave the following error.
    Argument of type '"courses_handled"' is not assignable to parameter of type 'never'.
src/pages/faculty/CoursesManagement.tsx(103,18): error TS2345: Argument of type '({ calculated_at: string; category: string; contribution_score: number; overall_score: number; research_score: number; teaching_score: number; user_id: string; } | { confidence: number; description: string; ... 4 more ...; user_id: string; } | ... 5 more ... | { ...; })[]' is not assignable to parameter of type 'SetStateAction<CourseHandled[]>'.
  Type '({ calculated_at: string; category: string; contribution_score: number; overall_score: number; research_score: number; teaching_score: number; user_id: string; } | { confidence: number; description: string; ... 4 more ...; user_id: string; } | ... 5 more ... | { ...; })[]' is not assignable to type 'CourseHandled[]'.
    Type '{ calculated_at: string; category: string; contribution_score: number; overall_score: number; research_score: number; teaching_score: number; user_id: string; } | { confidence: number; description: string; ... 4 more ...; user_id: string; } | ... 5 more ... | { ...; }' is not assignable to type 'CourseHandled'.
      Type '{ calculated_at: string; category: string; contribution_score: number; overall_score: number; research_score: number; teaching_score: number; user_id: string; }' is missing the following properties from type 'CourseHandled': id, course_name, course_code, academic_year, and 8 more.
src/pages/faculty/CoursesManagement.tsx(201,17): error TS2769: No overload matches this call.
  Overload 1 of 2, '(relation: "departments" | "ai_insights" | "networking_contributions" | "performance_scores" | "profiles" | "research_activities" | "teaching_learning_activities" | "user_roles"): PostgrestQueryBuilder<...>', gave the following error.
    Argument of type '"courses_handled"' is not assignable to parameter of type '"departments" | "ai_insights" | "networking_contributions" | "performance_scores" | "profiles" | "research_activities" | "teaching_learning_activities" | "user_roles"'.
  Overload 2 of 2, '(relation: never): PostgrestQueryBuilder<{ PostgrestVersion: "14.4"; }, { Tables: { ai_insights: { Row: { confidence: number; description: string; generated_at: string; id: string; insight_type: string; title: string; user_id: string; }; Insert: { ...; }; Update: { ...; }; Relationships: []; }; ... 6 more ...; user_roles: { ...; }; }; Views: {}; Functions: { ...; }; Enums: { ...; }; CompositeTypes: {}; }, never, never, never>', gave the following error.
    Argument of type '"courses_handled"' is not assignable to parameter of type 'never'.
src/pages/faculty/CoursesManagement.tsx(209,17): error TS2769: No overload matches this call.
  Overload 1 of 2, '(relation: "departments" | "ai_insights" | "networking_contributions" | "performance_scores" | "profiles" | "research_activities" | "teaching_learning_activities" | "user_roles"): PostgrestQueryBuilder<...>', gave the following error.
    Argument of type '"courses_handled"' is not assignable to parameter of type '"departments" | "ai_insights" | "networking_contributions" | "performance_scores" | "profiles" | "research_activities" | "teaching_learning_activities" | "user_roles"'.
  Overload 2 of 2, '(relation: never): PostgrestQueryBuilder<{ PostgrestVersion: "14.4"; }, { Tables: { ai_insights: { Row: { confidence: number; description: string; generated_at: string; id: string; insight_type: string; title: string; user_id: string; }; Insert: { ...; }; Update: { ...; }; Relationships: []; }; ... 6 more ...; user_roles: { ...; }; }; Views: {}; Functions: { ...; }; Enums: { ...; }; CompositeTypes: {}; }, never, never, never>', gave the following error.
    Argument of type '"courses_handled"' is not assignable to parameter of type 'never'.
src/pages/faculty/CoursesManagement.tsx(231,15): error TS2769: No overload matches this call.
  Overload 1 of 2, '(relation: "departments" | "ai_insights" | "networking_contributions" | "performance_scores" | "profiles" | "research_activities" | "teaching_learning_activities" | "user_roles"): PostgrestQueryBuilder<...>', gave the following error.
    Argument of type '"courses_handled"' is not assignable to parameter of type '"departments" | "ai_insights" | "networking_contributions" | "performance_scores" | "profiles" | "research_activities" | "teaching_learning_activities" | "user_roles"'.
  Overload 2 of 2, '(relation: never): PostgrestQueryBuilder<{ PostgrestVersion: "14.4"; }, { Tables: { ai_insights: { Row: { confidence: number; description: string; generated_at: string; id: string; insight_type: string; title: string; user_id: string; }; Insert: { ...; }; Update: { ...; }; Relationships: []; }; ... 6 more ...; user_roles: { ...; }; }; Views: {}; Functions: { ...; }; Enums: { ...; }; CompositeTypes: {}; }, never, never, never>', gave the following error.
    Argument of type '"courses_handled"' is not assignable to parameter of type 'never'.
src/pages/faculty/FacultyDashboard.tsx(34,5): error TS2339: Property 'appraisal' does not exist on type '{ performance: PerformanceData; teachingCount: number; researchCount: number; contributionCount: number; insights: any[]; isLoading: boolean; refetch: () => Promise<void>; }'.
src/pages/faculty/FacultyDashboard.tsx(35,5): error TS2339: Property 'fdpCount' does not exist on type '{ performance: PerformanceData; teachingCount: number; researchCount: number; contributionCount: number; insights: any[]; isLoading: boolean; refetch: () => Promise<void>; }'.
src/pages/faculty/FacultyDashboard.tsx(36,5): error TS2339: Property 'visitCount' does not exist on type '{ performance: PerformanceData; teachingCount: number; researchCount: number; contributionCount: number; insights: any[]; isLoading: boolean; refetch: () => Promise<void>; }'.
src/pages/faculty/FacultyDashboard.tsx(37,5): error TS2339: Property 'courseCount' does not exist on type '{ performance: PerformanceData; teachingCount: number; researchCount: number; contributionCount: number; insights: any[]; isLoading: boolean; refetch: () => Promise<void>; }'.
src/pages/faculty/FacultyDashboard.tsx(38,5): error TS2339: Property 'paperCount' does not exist on type '{ performance: PerformanceData; teachingCount: number; researchCount: number; contributionCount: number; insights: any[]; isLoading: boolean; refetch: () => Promise<void>; }'.
src/pages/faculty/FacultyDashboard.tsx(39,5): error TS2339: Property 'certCount' does not exist on type '{ performance: PerformanceData; teachingCount: number; researchCount: number; contributionCount: number; insights: any[]; isLoading: boolean; refetch: () => Promise<void>; }'.
src/pages/faculty/FacultyDashboard.tsx(40,5): error TS2339: Property 'industryProjectCount' does not exist on type '{ performance: PerformanceData; teachingCount: number; researchCount: number; contributionCount: number; insights: any[]; isLoading: boolean; refetch: () => Promise<void>; }'.
src/pages/faculty/FacultyDashboard.tsx(41,5): error TS2339: Property 'bookPublicationCount' does not exist on type '{ performance: PerformanceData; teachingCount: number; researchCount: number; contributionCount: number; insights: any[]; isLoading: boolean; refetch: () => Promise<void>; }'.
src/pages/faculty/FacultyDashboard.tsx(42,5): error TS2339: Property 'conferencePaperCount' does not exist on type '{ performance: PerformanceData; teachingCount: number; researchCount: number; contributionCount: number; insights: any[]; isLoading: boolean; refetch: () => Promise<void>; }'.
src/pages/faculty/FacultyDashboard.tsx(43,5): error TS2339: Property 'pedagogyCount' does not exist on type '{ performance: PerformanceData; teachingCount: number; researchCount: number; contributionCount: number; insights: any[]; isLoading: boolean; refetch: () => Promise<void>; }'.
src/pages/faculty/FacultyDashboard.tsx(44,5): error TS2339: Property 'learnerCount' does not exist on type '{ performance: PerformanceData; teachingCount: number; researchCount: number; contributionCount: number; insights: any[]; isLoading: boolean; refetch: () => Promise<void>; }'.
src/pages/faculty/FacultyDashboard.tsx(45,5): error TS2339: Property 'journalCount' does not exist on type '{ performance: PerformanceData; teachingCount: number; researchCount: number; contributionCount: number; insights: any[]; isLoading: boolean; refetch: () => Promise<void>; }'.
src/pages/faculty/FacultyDashboard.tsx(46,5): error TS2339: Property 'bookChapterCount' does not exist on type '{ performance: PerformanceData; teachingCount: number; researchCount: number; contributionCount: number; insights: any[]; isLoading: boolean; refetch: () => Promise<void>; }'.
src/pages/faculty/FacultyDashboard.tsx(47,5): error TS2339: Property 'fundedProjectCount' does not exist on type '{ performance: PerformanceData; teachingCount: number; researchCount: number; contributionCount: number; insights: any[]; isLoading: boolean; refetch: () => Promise<void>; }'.
src/pages/faculty/FacultyDashboard.tsx(48,5): error TS2339: Property 'patentCount' does not exist on type '{ performance: PerformanceData; teachingCount: number; researchCount: number; contributionCount: number; insights: any[]; isLoading: boolean; refetch: () => Promise<void>; }'.
src/pages/faculty/FacultyDashboard.tsx(49,5): error TS2339: Property 'guidanceCount' does not exist on type '{ performance: PerformanceData; teachingCount: number; researchCount: number; contributionCount: number; insights: any[]; isLoading: boolean; refetch: () => Promise<void>; }'.
src/pages/faculty/FacultyDashboard.tsx(50,5): error TS2339: Property 'membershipCount' does not exist on type '{ performance: PerformanceData; teachingCount: number; researchCount: number; contributionCount: number; insights: any[]; isLoading: boolean; refetch: () => Promise<void>; }'.
src/pages/faculty/FacultyDashboard.tsx(53,5): error TS2339: Property 'fdpList' does not exist on type '{ performance: PerformanceData; teachingCount: number; researchCount: number; contributionCount: number; insights: any[]; isLoading: boolean; refetch: () => Promise<void>; }'.
src/pages/faculty/FacultyDashboard.tsx(54,5): error TS2339: Property 'researchList' does not exist on type '{ performance: PerformanceData; teachingCount: number; researchCount: number; contributionCount: number; insights: any[]; isLoading: boolean; refetch: () => Promise<void>; }'.
src/pages/faculty/FacultyDashboard.tsx(55,5): error TS2339: Property 'certList' does not exist on type '{ performance: PerformanceData; teachingCount: number; researchCount: number; contributionCount: number; insights: any[]; isLoading: boolean; refetch: () => Promise<void>; }'.
src/pages/faculty/FacultyDashboard.tsx(76,57): error TS2339: Property 'fdp_score' does not exist on type 'PerformanceData'.
src/pages/faculty/FacultyDashboard.tsx(77,62): error TS2339: Property 'visit_score' does not exist on type 'PerformanceData'.
src/pages/faculty/FacultyDashboard.tsx(78,60): error TS2339: Property 'course_score' does not exist on type 'PerformanceData'.
src/pages/faculty/FacultyDashboard.tsx(80,59): error TS2339: Property 'certification_score' does not exist on type 'PerformanceData'.
src/pages/faculty/FacultyDashboard.tsx(159,32): error TS2339: Property 'trend' does not exist on type 'PerformanceData'.
src/pages/faculty/FDPManagement.tsx(67,15): error TS2769: No overload matches this call.
  Overload 1 of 2, '(relation: "departments" | "ai_insights" | "networking_contributions" | "performance_scores" | "profiles" | "research_activities" | "teaching_learning_activities" | "user_roles"): PostgrestQueryBuilder<...>', gave the following error.
    Argument of type '"fdp_programs"' is not assignable to parameter of type '"departments" | "ai_insights" | "networking_contributions" | "performance_scores" | "profiles" | "research_activities" | "teaching_learning_activities" | "user_roles"'.
  Overload 2 of 2, '(relation: never): PostgrestQueryBuilder<{ PostgrestVersion: "14.4"; }, { Tables: { ai_insights: { Row: { confidence: number; description: string; generated_at: string; id: string; insight_type: string; title: string; user_id: string; }; Insert: { ...; }; Update: { ...; }; Relationships: []; }; ... 6 more ...; user_roles: { ...; }; }; Views: {}; Functions: { ...; }; Enums: { ...; }; CompositeTypes: {}; }, never, never, never>', gave the following error.
    Argument of type '"fdp_programs"' is not assignable to parameter of type 'never'.
src/pages/faculty/FDPManagement.tsx(72,19): error TS2345: Argument of type '({ calculated_at: string; category: string; contribution_score: number; overall_score: number; research_score: number; teaching_score: number; user_id: string; } | { confidence: number; description: string; ... 4 more ...; user_id: string; } | ... 5 more ... | { ...; })[]' is not assignable to parameter of type 'SetStateAction<FDPProgram[]>'.
  Type '({ calculated_at: string; category: string; contribution_score: number; overall_score: number; research_score: number; teaching_score: number; user_id: string; } | { confidence: number; description: string; ... 4 more ...; user_id: string; } | ... 5 more ... | { ...; })[]' is not assignable to type 'FDPProgram[]'.
    Type '{ calculated_at: string; category: string; contribution_score: number; overall_score: number; research_score: number; teaching_score: number; user_id: string; } | { confidence: number; description: string; ... 4 more ...; user_id: string; } | ... 5 more ... | { ...; }' is not assignable to type 'FDPProgram'.
      Type '{ calculated_at: string; category: string; contribution_score: number; overall_score: number; research_score: number; teaching_score: number; user_id: string; }' is missing the following properties from type 'FDPProgram': id, name, organization, start_date, and 4 more.
src/pages/faculty/FDPManagement.tsx(135,33): error TS2589: Type instantiation is excessively deep and possibly infinite.
src/pages/faculty/FDPManagement.tsx(136,17): error TS2769: No overload matches this call.
  Overload 1 of 2, '(relation: "departments" | "ai_insights" | "networking_contributions" | "performance_scores" | "profiles" | "research_activities" | "teaching_learning_activities" | "user_roles"): PostgrestQueryBuilder<...>', gave the following error.
    Argument of type '"fdp_programs"' is not assignable to parameter of type '"departments" | "ai_insights" | "networking_contributions" | "performance_scores" | "profiles" | "research_activities" | "teaching_learning_activities" | "user_roles"'.
  Overload 2 of 2, '(relation: never): PostgrestQueryBuilder<{ PostgrestVersion: "14.4"; }, { Tables: { ai_insights: { Row: { confidence: number; description: string; generated_at: string; id: string; insight_type: string; title: string; user_id: string; }; Insert: { ...; }; Update: { ...; }; Relationships: []; }; ... 6 more ...; user_roles: { ...; }; }; Views: {}; Functions: { ...; }; Enums: { ...; }; CompositeTypes: {}; }, never, never, never>', gave the following error.
    Argument of type '"fdp_programs"' is not assignable to parameter of type 'never'.
src/pages/faculty/FDPManagement.tsx(144,17): error TS2769: No overload matches this call.
  Overload 1 of 2, '(relation: "departments" | "ai_insights" | "networking_contributions" | "performance_scores" | "profiles" | "research_activities" | "teaching_learning_activities" | "user_roles"): PostgrestQueryBuilder<...>', gave the following error.
    Argument of type '"fdp_programs"' is not assignable to parameter of type '"departments" | "ai_insights" | "networking_contributions" | "performance_scores" | "profiles" | "research_activities" | "teaching_learning_activities" | "user_roles"'.
  Overload 2 of 2, '(relation: never): PostgrestQueryBuilder<{ PostgrestVersion: "14.4"; }, { Tables: { ai_insights: { Row: { confidence: number; description: string; generated_at: string; id: string; insight_type: string; title: string; user_id: string; }; Insert: { ...; }; Update: { ...; }; Relationships: []; }; ... 6 more ...; user_roles: { ...; }; }; Views: {}; Functions: { ...; }; Enums: { ...; }; CompositeTypes: {}; }, never, never, never>', gave the following error.
    Argument of type '"fdp_programs"' is not assignable to parameter of type 'never'.
src/pages/faculty/FDPManagement.tsx(166,15): error TS2769: No overload matches this call.
  Overload 1 of 2, '(relation: "departments" | "ai_insights" | "networking_contributions" | "performance_scores" | "profiles" | "research_activities" | "teaching_learning_activities" | "user_roles"): PostgrestQueryBuilder<...>', gave the following error.
    Argument of type '"fdp_programs"' is not assignable to parameter of type '"departments" | "ai_insights" | "networking_contributions" | "performance_scores" | "profiles" | "research_activities" | "teaching_learning_activities" | "user_roles"'.
  Overload 2 of 2, '(relation: never): PostgrestQueryBuilder<{ PostgrestVersion: "14.4"; }, { Tables: { ai_insights: { Row: { confidence: number; description: string; generated_at: string; id: string; insight_type: string; title: string; user_id: string; }; Insert: { ...; }; Update: { ...; }; Relationships: []; }; ... 6 more ...; user_roles: { ...; }; }; Views: {}; Functions: { ...; }; Enums: { ...; }; CompositeTypes: {}; }, never, never, never>', gave the following error.
    Argument of type '"fdp_programs"' is not assignable to parameter of type 'never'.
src/pages/faculty/FundedProjects.tsx(80,15): error TS2769: No overload matches this call.
  Overload 1 of 2, '(relation: "departments" | "ai_insights" | "networking_contributions" | "performance_scores" | "profiles" | "research_activities" | "teaching_learning_activities" | "user_roles"): PostgrestQueryBuilder<...>', gave the following error.
    Argument of type '"funded_projects_records"' is not assignable to parameter of type '"departments" | "ai_insights" | "networking_contributions" | "performance_scores" | "profiles" | "research_activities" | "teaching_learning_activities" | "user_roles"'.
  Overload 2 of 2, '(relation: never): PostgrestQueryBuilder<{ PostgrestVersion: "14.4"; }, { Tables: { ai_insights: { Row: { confidence: number; description: string; generated_at: string; id: string; insight_type: string; title: string; user_id: string; }; Insert: { ...; }; Update: { ...; }; Relationships: []; }; ... 6 more ...; user_roles: { ...; }; }; Views: {}; Functions: { ...; }; Enums: { ...; }; CompositeTypes: {}; }, never, never, never>', gave the following error.
    Argument of type '"funded_projects_records"' is not assignable to parameter of type 'never'.
src/pages/faculty/FundedProjects.tsx(87,20): error TS2345: Argument of type '({ calculated_at: string; category: string; contribution_score: number; overall_score: number; research_score: number; teaching_score: number; user_id: string; } | { confidence: number; description: string; ... 4 more ...; user_id: string; } | ... 5 more ... | { ...; })[]' is not assignable to parameter of type 'SetStateAction<FundedProjectRecord[]>'.
  Type '({ calculated_at: string; category: string; contribution_score: number; overall_score: number; research_score: number; teaching_score: number; user_id: string; } | { confidence: number; description: string; ... 4 more ...; user_id: string; } | ... 5 more ... | { ...; })[]' is not assignable to type 'FundedProjectRecord[]'.
    Type '{ calculated_at: string; category: string; contribution_score: number; overall_score: number; research_score: number; teaching_score: number; user_id: string; } | { confidence: number; description: string; ... 4 more ...; user_id: string; } | ... 5 more ... | { ...; }' is not assignable to type 'FundedProjectRecord'.
      Type '{ calculated_at: string; category: string; contribution_score: number; overall_score: number; research_score: number; teaching_score: number; user_id: string; }' is missing the following properties from type 'FundedProjectRecord': id, project_title, funding_agency, amount_sanctioned, and 6 more.
src/pages/faculty/FundedProjects.tsx(166,17): error TS2769: No overload matches this call.
  Overload 1 of 2, '(relation: "departments" | "ai_insights" | "networking_contributions" | "performance_scores" | "profiles" | "research_activities" | "teaching_learning_activities" | "user_roles"): PostgrestQueryBuilder<...>', gave the following error.
    Argument of type '"funded_projects_records"' is not assignable to parameter of type '"departments" | "ai_insights" | "networking_contributions" | "performance_scores" | "profiles" | "research_activities" | "teaching_learning_activities" | "user_roles"'.
  Overload 2 of 2, '(relation: never): PostgrestQueryBuilder<{ PostgrestVersion: "14.4"; }, { Tables: { ai_insights: { Row: { confidence: number; description: string; generated_at: string; id: string; insight_type: string; title: string; user_id: string; }; Insert: { ...; }; Update: { ...; }; Relationships: []; }; ... 6 more ...; user_roles: { ...; }; }; Views: {}; Functions: { ...; }; Enums: { ...; }; CompositeTypes: {}; }, never, never, never>', gave the following error.
    Argument of type '"funded_projects_records"' is not assignable to parameter of type 'never'.
src/pages/faculty/FundedProjects.tsx(179,17): error TS2769: No overload matches this call.
  Overload 1 of 2, '(relation: "departments" | "ai_insights" | "networking_contributions" | "performance_scores" | "profiles" | "research_activities" | "teaching_learning_activities" | "user_roles"): PostgrestQueryBuilder<...>', gave the following error.
    Argument of type '"funded_projects_records"' is not assignable to parameter of type '"departments" | "ai_insights" | "networking_contributions" | "performance_scores" | "profiles" | "research_activities" | "teaching_learning_activities" | "user_roles"'.
  Overload 2 of 2, '(relation: never): PostgrestQueryBuilder<{ PostgrestVersion: "14.4"; }, { Tables: { ai_insights: { Row: { confidence: number; description: string; generated_at: string; id: string; insight_type: string; title: string; user_id: string; }; Insert: { ...; }; Update: { ...; }; Relationships: []; }; ... 6 more ...; user_roles: { ...; }; }; Views: {}; Functions: { ...; }; Enums: { ...; }; CompositeTypes: {}; }, never, never, never>', gave the following error.
    Argument of type '"funded_projects_records"' is not assignable to parameter of type 'never'.
src/pages/faculty/FundedProjects.tsx(210,15): error TS2769: No overload matches this call.
  Overload 1 of 2, '(relation: "departments" | "ai_insights" | "networking_contributions" | "performance_scores" | "profiles" | "research_activities" | "teaching_learning_activities" | "user_roles"): PostgrestQueryBuilder<...>', gave the following error.
    Argument of type '"funded_projects_records"' is not assignable to parameter of type '"departments" | "ai_insights" | "networking_contributions" | "performance_scores" | "profiles" | "research_activities" | "teaching_learning_activities" | "user_roles"'.
  Overload 2 of 2, '(relation: never): PostgrestQueryBuilder<{ PostgrestVersion: "14.4"; }, { Tables: { ai_insights: { Row: { confidence: number; description: string; generated_at: string; id: string; insight_type: string; title: string; user_id: string; }; Insert: { ...; }; Update: { ...; }; Relationships: []; }; ... 6 more ...; user_roles: { ...; }; }; Views: {}; Functions: { ...; }; Enums: { ...; }; CompositeTypes: {}; }, never, never, never>', gave the following error.
    Argument of type '"funded_projects_records"' is not assignable to parameter of type 'never'.
src/pages/faculty/IndustrialVisitsManagement.tsx(68,15): error TS2769: No overload matches this call.
  Overload 1 of 2, '(relation: "departments" | "ai_insights" | "networking_contributions" | "performance_scores" | "profiles" | "research_activities" | "teaching_learning_activities" | "user_roles"): PostgrestQueryBuilder<...>', gave the following error.
    Argument of type '"industrial_visits"' is not assignable to parameter of type '"departments" | "ai_insights" | "networking_contributions" | "performance_scores" | "profiles" | "research_activities" | "teaching_learning_activities" | "user_roles"'.
  Overload 2 of 2, '(relation: never): PostgrestQueryBuilder<{ PostgrestVersion: "14.4"; }, { Tables: { ai_insights: { Row: { confidence: number; description: string; generated_at: string; id: string; insight_type: string; title: string; user_id: string; }; Insert: { ...; }; Update: { ...; }; Relationships: []; }; ... 6 more ...; user_roles: { ...; }; }; Views: {}; Functions: { ...; }; Enums: { ...; }; CompositeTypes: {}; }, never, never, never>', gave the following error.
    Argument of type '"industrial_visits"' is not assignable to parameter of type 'never'.
src/pages/faculty/IndustrialVisitsManagement.tsx(73,17): error TS2345: Argument of type '({ calculated_at: string; category: string; contribution_score: number; overall_score: number; research_score: number; teaching_score: number; user_id: string; } | { confidence: number; description: string; ... 4 more ...; user_id: string; } | ... 5 more ... | { ...; })[]' is not assignable to parameter of type 'SetStateAction<IndustrialVisit[]>'.
  Type '({ calculated_at: string; category: string; contribution_score: number; overall_score: number; research_score: number; teaching_score: number; user_id: string; } | { confidence: number; description: string; ... 4 more ...; user_id: string; } | ... 5 more ... | { ...; })[]' is not assignable to type 'IndustrialVisit[]'.
    Type '{ calculated_at: string; category: string; contribution_score: number; overall_score: number; research_score: number; teaching_score: number; user_id: string; } | { confidence: number; description: string; ... 4 more ...; user_id: string; } | ... 5 more ... | { ...; }' is not assignable to type 'IndustrialVisit'.
      Type '{ calculated_at: string; category: string; contribution_score: number; overall_score: number; research_score: number; teaching_score: number; user_id: string; }' is missing the following properties from type 'IndustrialVisit': id, industry_name, location, visit_date, and 4 more.
src/pages/faculty/IndustrialVisitsManagement.tsx(136,17): error TS2769: No overload matches this call.
  Overload 1 of 2, '(relation: "departments" | "ai_insights" | "networking_contributions" | "performance_scores" | "profiles" | "research_activities" | "teaching_learning_activities" | "user_roles"): PostgrestQueryBuilder<...>', gave the following error.
    Argument of type '"industrial_visits"' is not assignable to parameter of type '"departments" | "ai_insights" | "networking_contributions" | "performance_scores" | "profiles" | "research_activities" | "teaching_learning_activities" | "user_roles"'.
  Overload 2 of 2, '(relation: never): PostgrestQueryBuilder<{ PostgrestVersion: "14.4"; }, { Tables: { ai_insights: { Row: { confidence: number; description: string; generated_at: string; id: string; insight_type: string; title: string; user_id: string; }; Insert: { ...; }; Update: { ...; }; Relationships: []; }; ... 6 more ...; user_roles: { ...; }; }; Views: {}; Functions: { ...; }; Enums: { ...; }; CompositeTypes: {}; }, never, never, never>', gave the following error.
    Argument of type '"industrial_visits"' is not assignable to parameter of type 'never'.
src/pages/faculty/IndustrialVisitsManagement.tsx(144,17): error TS2769: No overload matches this call.
  Overload 1 of 2, '(relation: "departments" | "ai_insights" | "networking_contributions" | "performance_scores" | "profiles" | "research_activities" | "teaching_learning_activities" | "user_roles"): PostgrestQueryBuilder<...>', gave the following error.
    Argument of type '"industrial_visits"' is not assignable to parameter of type '"departments" | "ai_insights" | "networking_contributions" | "performance_scores" | "profiles" | "research_activities" | "teaching_learning_activities" | "user_roles"'.
  Overload 2 of 2, '(relation: never): PostgrestQueryBuilder<{ PostgrestVersion: "14.4"; }, { Tables: { ai_insights: { Row: { confidence: number; description: string; generated_at: string; id: string; insight_type: string; title: string; user_id: string; }; Insert: { ...; }; Update: { ...; }; Relationships: []; }; ... 6 more ...; user_roles: { ...; }; }; Views: {}; Functions: { ...; }; Enums: { ...; }; CompositeTypes: {}; }, never, never, never>', gave the following error.
    Argument of type '"industrial_visits"' is not assignable to parameter of type 'never'.
src/pages/faculty/IndustrialVisitsManagement.tsx(166,15): error TS2769: No overload matches this call.
  Overload 1 of 2, '(relation: "departments" | "ai_insights" | "networking_contributions" | "performance_scores" | "profiles" | "research_activities" | "teaching_learning_activities" | "user_roles"): PostgrestQueryBuilder<...>', gave the following error.
    Argument of type '"industrial_visits"' is not assignable to parameter of type '"departments" | "ai_insights" | "networking_contributions" | "performance_scores" | "profiles" | "research_activities" | "teaching_learning_activities" | "user_roles"'.
  Overload 2 of 2, '(relation: never): PostgrestQueryBuilder<{ PostgrestVersion: "14.4"; }, { Tables: { ai_insights: { Row: { confidence: number; description: string; generated_at: string; id: string; insight_type: string; title: string; user_id: string; }; Insert: { ...; }; Update: { ...; }; Relationships: []; }; ... 6 more ...; user_roles: { ...; }; }; Views: {}; Functions: { ...; }; Enums: { ...; }; CompositeTypes: {}; }, never, never, never>', gave the following error.
    Argument of type '"industrial_visits"' is not assignable to parameter of type 'never'.
src/pages/faculty/IndustryProjectsManagement.tsx(73,15): error TS2769: No overload matches this call.
  Overload 1 of 2, '(relation: "departments" | "ai_insights" | "networking_contributions" | "performance_scores" | "profiles" | "research_activities" | "teaching_learning_activities" | "user_roles"): PostgrestQueryBuilder<...>', gave the following error.
    Argument of type '"industry_projects"' is not assignable to parameter of type '"departments" | "ai_insights" | "networking_contributions" | "performance_scores" | "profiles" | "research_activities" | "teaching_learning_activities" | "user_roles"'.
  Overload 2 of 2, '(relation: never): PostgrestQueryBuilder<{ PostgrestVersion: "14.4"; }, { Tables: { ai_insights: { Row: { confidence: number; description: string; generated_at: string; id: string; insight_type: string; title: string; user_id: string; }; Insert: { ...; }; Update: { ...; }; Relationships: []; }; ... 6 more ...; user_roles: { ...; }; }; Views: {}; Functions: { ...; }; Enums: { ...; }; CompositeTypes: {}; }, never, never, never>', gave the following error.
    Argument of type '"industry_projects"' is not assignable to parameter of type 'never'.
src/pages/faculty/IndustryProjectsManagement.tsx(78,19): error TS2345: Argument of type '({ calculated_at: string; category: string; contribution_score: number; overall_score: number; research_score: number; teaching_score: number; user_id: string; } | { confidence: number; description: string; ... 4 more ...; user_id: string; } | ... 5 more ... | { ...; })[]' is not assignable to parameter of type 'SetStateAction<IndustryProject[]>'.
  Type '({ calculated_at: string; category: string; contribution_score: number; overall_score: number; research_score: number; teaching_score: number; user_id: string; } | { confidence: number; description: string; ... 4 more ...; user_id: string; } | ... 5 more ... | { ...; })[]' is not assignable to type 'IndustryProject[]'.
    Type '{ calculated_at: string; category: string; contribution_score: number; overall_score: number; research_score: number; teaching_score: number; user_id: string; } | { confidence: number; description: string; ... 4 more ...; user_id: string; } | ... 5 more ... | { ...; }' is not assignable to type 'IndustryProject'.
      Type '{ calculated_at: string; category: string; contribution_score: number; overall_score: number; research_score: number; teaching_score: number; user_id: string; }' is missing the following properties from type 'IndustryProject': id, project_name, company_name, role, and 6 more.
src/pages/faculty/IndustryProjectsManagement.tsx(147,17): error TS2769: No overload matches this call.
  Overload 1 of 2, '(relation: "departments" | "ai_insights" | "networking_contributions" | "performance_scores" | "profiles" | "research_activities" | "teaching_learning_activities" | "user_roles"): PostgrestQueryBuilder<...>', gave the following error.
    Argument of type '"industry_projects"' is not assignable to parameter of type '"departments" | "ai_insights" | "networking_contributions" | "performance_scores" | "profiles" | "research_activities" | "teaching_learning_activities" | "user_roles"'.
  Overload 2 of 2, '(relation: never): PostgrestQueryBuilder<{ PostgrestVersion: "14.4"; }, { Tables: { ai_insights: { Row: { confidence: number; description: string; generated_at: string; id: string; insight_type: string; title: string; user_id: string; }; Insert: { ...; }; Update: { ...; }; Relationships: []; }; ... 6 more ...; user_roles: { ...; }; }; Views: {}; Functions: { ...; }; Enums: { ...; }; CompositeTypes: {}; }, never, never, never>', gave the following error.
    Argument of type '"industry_projects"' is not assignable to parameter of type 'never'.
src/pages/faculty/IndustryProjectsManagement.tsx(155,17): error TS2769: No overload matches this call.
  Overload 1 of 2, '(relation: "departments" | "ai_insights" | "networking_contributions" | "performance_scores" | "profiles" | "research_activities" | "teaching_learning_activities" | "user_roles"): PostgrestQueryBuilder<...>', gave the following error.
    Argument of type '"industry_projects"' is not assignable to parameter of type '"departments" | "ai_insights" | "networking_contributions" | "performance_scores" | "profiles" | "research_activities" | "teaching_learning_activities" | "user_roles"'.
  Overload 2 of 2, '(relation: never): PostgrestQueryBuilder<{ PostgrestVersion: "14.4"; }, { Tables: { ai_insights: { Row: { confidence: number; description: string; generated_at: string; id: string; insight_type: string; title: string; user_id: string; }; Insert: { ...; }; Update: { ...; }; Relationships: []; }; ... 6 more ...; user_roles: { ...; }; }; Views: {}; Functions: { ...; }; Enums: { ...; }; CompositeTypes: {}; }, never, never, never>', gave the following error.
    Argument of type '"industry_projects"' is not assignable to parameter of type 'never'.
src/pages/faculty/IndustryProjectsManagement.tsx(177,15): error TS2769: No overload matches this call.
  Overload 1 of 2, '(relation: "departments" | "ai_insights" | "networking_contributions" | "performance_scores" | "profiles" | "research_activities" | "teaching_learning_activities" | "user_roles"): PostgrestQueryBuilder<...>', gave the following error.
    Argument of type '"industry_projects"' is not assignable to parameter of type '"departments" | "ai_insights" | "networking_contributions" | "performance_scores" | "profiles" | "research_activities" | "teaching_learning_activities" | "user_roles"'.
  Overload 2 of 2, '(relation: never): PostgrestQueryBuilder<{ PostgrestVersion: "14.4"; }, { Tables: { ai_insights: { Row: { confidence: number; description: string; generated_at: string; id: string; insight_type: string; title: string; user_id: string; }; Insert: { ...; }; Update: { ...; }; Relationships: []; }; ... 6 more ...; user_roles: { ...; }; }; Views: {}; Functions: { ...; }; Enums: { ...; }; CompositeTypes: {}; }, never, never, never>', gave the following error.
    Argument of type '"industry_projects"' is not assignable to parameter of type 'never'.
src/pages/faculty/InstitutionalContributions.tsx(68,15): error TS2769: No overload matches this call.
  Overload 1 of 2, '(relation: "departments" | "ai_insights" | "networking_contributions" | "performance_scores" | "profiles" | "research_activities" | "teaching_learning_activities" | "user_roles"): PostgrestQueryBuilder<...>', gave the following error.
    Argument of type '"institutional_contribution_records"' is not assignable to parameter of type '"departments" | "ai_insights" | "networking_contributions" | "performance_scores" | "profiles" | "research_activities" | "teaching_learning_activities" | "user_roles"'.
  Overload 2 of 2, '(relation: never): PostgrestQueryBuilder<{ PostgrestVersion: "14.4"; }, { Tables: { ai_insights: { Row: { confidence: number; description: string; generated_at: string; id: string; insight_type: string; title: string; user_id: string; }; Insert: { ...; }; Update: { ...; }; Relationships: []; }; ... 6 more ...; user_roles: { ...; }; }; Views: {}; Functions: { ...; }; Enums: { ...; }; CompositeTypes: {}; }, never, never, never>', gave the following error.
    Argument of type '"institutional_contribution_records"' is not assignable to parameter of type 'never'.
src/pages/faculty/InstitutionalContributions.tsx(75,20): error TS2345: Argument of type '({ calculated_at: string; category: string; contribution_score: number; overall_score: number; research_score: number; teaching_score: number; user_id: string; } | { confidence: number; description: string; ... 4 more ...; user_id: string; } | ... 5 more ... | { ...; })[]' is not assignable to parameter of type 'SetStateAction<ContributionRecord[]>'.
  Type '({ calculated_at: string; category: string; contribution_score: number; overall_score: number; research_score: number; teaching_score: number; user_id: string; } | { confidence: number; description: string; ... 4 more ...; user_id: string; } | ... 5 more ... | { ...; })[]' is not assignable to type 'ContributionRecord[]'.
    Type '{ calculated_at: string; category: string; contribution_score: number; overall_score: number; research_score: number; teaching_score: number; user_id: string; } | { confidence: number; description: string; ... 4 more ...; user_id: string; } | ... 5 more ... | { ...; }' is not assignable to type 'ContributionRecord'.
      Type '{ calculated_at: string; category: string; contribution_score: number; overall_score: number; research_score: number; teaching_score: number; user_id: string; }' is missing the following properties from type 'ContributionRecord': id, contribution_title, level, role, and 3 more.
src/pages/faculty/InstitutionalContributions.tsx(128,17): error TS2769: No overload matches this call.
  Overload 1 of 2, '(relation: "departments" | "ai_insights" | "networking_contributions" | "performance_scores" | "profiles" | "research_activities" | "teaching_learning_activities" | "user_roles"): PostgrestQueryBuilder<...>', gave the following error.
    Argument of type '"institutional_contribution_records"' is not assignable to parameter of type '"departments" | "ai_insights" | "networking_contributions" | "performance_scores" | "profiles" | "research_activities" | "teaching_learning_activities" | "user_roles"'.
  Overload 2 of 2, '(relation: never): PostgrestQueryBuilder<{ PostgrestVersion: "14.4"; }, { Tables: { ai_insights: { Row: { confidence: number; description: string; generated_at: string; id: string; insight_type: string; title: string; user_id: string; }; Insert: { ...; }; Update: { ...; }; Relationships: []; }; ... 6 more ...; user_roles: { ...; }; }; Views: {}; Functions: { ...; }; Enums: { ...; }; CompositeTypes: {}; }, never, never, never>', gave the following error.
    Argument of type '"institutional_contribution_records"' is not assignable to parameter of type 'never'.
src/pages/faculty/InstitutionalContributions.tsx(141,17): error TS2769: No overload matches this call.
  Overload 1 of 2, '(relation: "departments" | "ai_insights" | "networking_contributions" | "performance_scores" | "profiles" | "research_activities" | "teaching_learning_activities" | "user_roles"): PostgrestQueryBuilder<...>', gave the following error.
    Argument of type '"institutional_contribution_records"' is not assignable to parameter of type '"departments" | "ai_insights" | "networking_contributions" | "performance_scores" | "profiles" | "research_activities" | "teaching_learning_activities" | "user_roles"'.
  Overload 2 of 2, '(relation: never): PostgrestQueryBuilder<{ PostgrestVersion: "14.4"; }, { Tables: { ai_insights: { Row: { confidence: number; description: string; generated_at: string; id: string; insight_type: string; title: string; user_id: string; }; Insert: { ...; }; Update: { ...; }; Relationships: []; }; ... 6 more ...; user_roles: { ...; }; }; Views: {}; Functions: { ...; }; Enums: { ...; }; CompositeTypes: {}; }, never, never, never>', gave the following error.
    Argument of type '"institutional_contribution_records"' is not assignable to parameter of type 'never'.
src/pages/faculty/InstitutionalContributions.tsx(172,15): error TS2769: No overload matches this call.
  Overload 1 of 2, '(relation: "departments" | "ai_insights" | "networking_contributions" | "performance_scores" | "profiles" | "research_activities" | "teaching_learning_activities" | "user_roles"): PostgrestQueryBuilder<...>', gave the following error.
    Argument of type '"institutional_contribution_records"' is not assignable to parameter of type '"departments" | "ai_insights" | "networking_contributions" | "performance_scores" | "profiles" | "research_activities" | "teaching_learning_activities" | "user_roles"'.
  Overload 2 of 2, '(relation: never): PostgrestQueryBuilder<{ PostgrestVersion: "14.4"; }, { Tables: { ai_insights: { Row: { confidence: number; description: string; generated_at: string; id: string; insight_type: string; title: string; user_id: string; }; Insert: { ...; }; Update: { ...; }; Relationships: []; }; ... 6 more ...; user_roles: { ...; }; }; Views: {}; Functions: { ...; }; Enums: { ...; }; CompositeTypes: {}; }, never, never, never>', gave the following error.
    Argument of type '"institutional_contribution_records"' is not assignable to parameter of type 'never'.
src/pages/faculty/Journals.tsx(92,15): error TS2769: No overload matches this call.
  Overload 1 of 2, '(relation: "departments" | "ai_insights" | "networking_contributions" | "performance_scores" | "profiles" | "research_activities" | "teaching_learning_activities" | "user_roles"): PostgrestQueryBuilder<...>', gave the following error.
    Argument of type '"journal_publications_records"' is not assignable to parameter of type '"departments" | "ai_insights" | "networking_contributions" | "performance_scores" | "profiles" | "research_activities" | "teaching_learning_activities" | "user_roles"'.
  Overload 2 of 2, '(relation: never): PostgrestQueryBuilder<{ PostgrestVersion: "14.4"; }, { Tables: { ai_insights: { Row: { confidence: number; description: string; generated_at: string; id: string; insight_type: string; title: string; user_id: string; }; Insert: { ...; }; Update: { ...; }; Relationships: []; }; ... 6 more ...; user_roles: { ...; }; }; Views: {}; Functions: { ...; }; Enums: { ...; }; CompositeTypes: {}; }, never, never, never>', gave the following error.
    Argument of type '"journal_publications_records"' is not assignable to parameter of type 'never'.
src/pages/faculty/Journals.tsx(99,20): error TS2345: Argument of type '({ calculated_at: string; category: string; contribution_score: number; overall_score: number; research_score: number; teaching_score: number; user_id: string; } | { confidence: number; description: string; ... 4 more ...; user_id: string; } | ... 5 more ... | { ...; })[]' is not assignable to parameter of type 'SetStateAction<JournalRecord[]>'.
  Type '({ calculated_at: string; category: string; contribution_score: number; overall_score: number; research_score: number; teaching_score: number; user_id: string; } | { confidence: number; description: string; ... 4 more ...; user_id: string; } | ... 5 more ... | { ...; })[]' is not assignable to type 'JournalRecord[]'.
    Type '{ calculated_at: string; category: string; contribution_score: number; overall_score: number; research_score: number; teaching_score: number; user_id: string; } | { confidence: number; description: string; ... 4 more ...; user_id: string; } | ... 5 more ... | { ...; }' is not assignable to type 'JournalRecord'.
      Type '{ calculated_at: string; category: string; contribution_score: number; overall_score: number; research_score: number; teaching_score: number; user_id: string; }' is missing the following properties from type 'JournalRecord': id, authors, paper_title, journal_name, and 11 more.
src/pages/faculty/Journals.tsx(188,17): error TS2769: No overload matches this call.
  Overload 1 of 2, '(relation: "departments" | "ai_insights" | "networking_contributions" | "performance_scores" | "profiles" | "research_activities" | "teaching_learning_activities" | "user_roles"): PostgrestQueryBuilder<...>', gave the following error.
    Argument of type '"journal_publications_records"' is not assignable to parameter of type '"departments" | "ai_insights" | "networking_contributions" | "performance_scores" | "profiles" | "research_activities" | "teaching_learning_activities" | "user_roles"'.
  Overload 2 of 2, '(relation: never): PostgrestQueryBuilder<{ PostgrestVersion: "14.4"; }, { Tables: { ai_insights: { Row: { confidence: number; description: string; generated_at: string; id: string; insight_type: string; title: string; user_id: string; }; Insert: { ...; }; Update: { ...; }; Relationships: []; }; ... 6 more ...; user_roles: { ...; }; }; Views: {}; Functions: { ...; }; Enums: { ...; }; CompositeTypes: {}; }, never, never, never>', gave the following error.
    Argument of type '"journal_publications_records"' is not assignable to parameter of type 'never'.
src/pages/faculty/Journals.tsx(201,17): error TS2769: No overload matches this call.
  Overload 1 of 2, '(relation: "departments" | "ai_insights" | "networking_contributions" | "performance_scores" | "profiles" | "research_activities" | "teaching_learning_activities" | "user_roles"): PostgrestQueryBuilder<...>', gave the following error.
    Argument of type '"journal_publications_records"' is not assignable to parameter of type '"departments" | "ai_insights" | "networking_contributions" | "performance_scores" | "profiles" | "research_activities" | "teaching_learning_activities" | "user_roles"'.
  Overload 2 of 2, '(relation: never): PostgrestQueryBuilder<{ PostgrestVersion: "14.4"; }, { Tables: { ai_insights: { Row: { confidence: number; description: string; generated_at: string; id: string; insight_type: string; title: string; user_id: string; }; Insert: { ...; }; Update: { ...; }; Relationships: []; }; ... 6 more ...; user_roles: { ...; }; }; Views: {}; Functions: { ...; }; Enums: { ...; }; CompositeTypes: {}; }, never, never, never>', gave the following error.
    Argument of type '"journal_publications_records"' is not assignable to parameter of type 'never'.
src/pages/faculty/Journals.tsx(232,15): error TS2769: No overload matches this call.
  Overload 1 of 2, '(relation: "departments" | "ai_insights" | "networking_contributions" | "performance_scores" | "profiles" | "research_activities" | "teaching_learning_activities" | "user_roles"): PostgrestQueryBuilder<...>', gave the following error.
    Argument of type '"journal_publications_records"' is not assignable to parameter of type '"departments" | "ai_insights" | "networking_contributions" | "performance_scores" | "profiles" | "research_activities" | "teaching_learning_activities" | "user_roles"'.
  Overload 2 of 2, '(relation: never): PostgrestQueryBuilder<{ PostgrestVersion: "14.4"; }, { Tables: { ai_insights: { Row: { confidence: number; description: string; generated_at: string; id: string; insight_type: string; title: string; user_id: string; }; Insert: { ...; }; Update: { ...; }; Relationships: []; }; ... 6 more ...; user_roles: { ...; }; }; Views: {}; Functions: { ...; }; Enums: { ...; }; CompositeTypes: {}; }, never, never, never>', gave the following error.
    Argument of type '"journal_publications_records"' is not assignable to parameter of type 'never'.
src/pages/faculty/Learners.tsx(63,15): error TS2769: No overload matches this call.
  Overload 1 of 2, '(relation: "departments" | "ai_insights" | "networking_contributions" | "performance_scores" | "profiles" | "research_activities" | "teaching_learning_activities" | "user_roles"): PostgrestQueryBuilder<...>', gave the following error.
    Argument of type '"slow_advanced_learners"' is not assignable to parameter of type '"departments" | "ai_insights" | "networking_contributions" | "performance_scores" | "profiles" | "research_activities" | "teaching_learning_activities" | "user_roles"'.
  Overload 2 of 2, '(relation: never): PostgrestQueryBuilder<{ PostgrestVersion: "14.4"; }, { Tables: { ai_insights: { Row: { confidence: number; description: string; generated_at: string; id: string; insight_type: string; title: string; user_id: string; }; Insert: { ...; }; Update: { ...; }; Relationships: []; }; ... 6 more ...; user_roles: { ...; }; }; Views: {}; Functions: { ...; }; Enums: { ...; }; CompositeTypes: {}; }, never, never, never>', gave the following error.
    Argument of type '"slow_advanced_learners"' is not assignable to parameter of type 'never'.
src/pages/faculty/Learners.tsx(70,20): error TS2345: Argument of type '({ calculated_at: string; category: string; contribution_score: number; overall_score: number; research_score: number; teaching_score: number; user_id: string; } | { confidence: number; description: string; ... 4 more ...; user_id: string; } | ... 5 more ... | { ...; })[]' is not assignable to parameter of type 'SetStateAction<LearnerRecord[]>'.
  Type '({ calculated_at: string; category: string; contribution_score: number; overall_score: number; research_score: number; teaching_score: number; user_id: string; } | { confidence: number; description: string; ... 4 more ...; user_id: string; } | ... 5 more ... | { ...; })[]' is not assignable to type 'LearnerRecord[]'.
    Type '{ calculated_at: string; category: string; contribution_score: number; overall_score: number; research_score: number; teaching_score: number; user_id: string; } | { confidence: number; description: string; ... 4 more ...; user_id: string; } | ... 5 more ... | { ...; }' is not assignable to type 'LearnerRecord'.
      Type '{ calculated_at: string; category: string; contribution_score: number; overall_score: number; research_score: number; teaching_score: number; user_id: string; }' is missing the following properties from type 'LearnerRecord': id, subject_name, student_materials, pass_percentage, and 2 more.
src/pages/faculty/Learners.tsx(132,17): error TS2769: No overload matches this call.
  Overload 1 of 2, '(relation: "departments" | "ai_insights" | "networking_contributions" | "performance_scores" | "profiles" | "research_activities" | "teaching_learning_activities" | "user_roles"): PostgrestQueryBuilder<...>', gave the following error.
    Argument of type '"slow_advanced_learners"' is not assignable to parameter of type '"departments" | "ai_insights" | "networking_contributions" | "performance_scores" | "profiles" | "research_activities" | "teaching_learning_activities" | "user_roles"'.
  Overload 2 of 2, '(relation: never): PostgrestQueryBuilder<{ PostgrestVersion: "14.4"; }, { Tables: { ai_insights: { Row: { confidence: number; description: string; generated_at: string; id: string; insight_type: string; title: string; user_id: string; }; Insert: { ...; }; Update: { ...; }; Relationships: []; }; ... 6 more ...; user_roles: { ...; }; }; Views: {}; Functions: { ...; }; Enums: { ...; }; CompositeTypes: {}; }, never, never, never>', gave the following error.
    Argument of type '"slow_advanced_learners"' is not assignable to parameter of type 'never'.
src/pages/faculty/Learners.tsx(145,17): error TS2769: No overload matches this call.
  Overload 1 of 2, '(relation: "departments" | "ai_insights" | "networking_contributions" | "performance_scores" | "profiles" | "research_activities" | "teaching_learning_activities" | "user_roles"): PostgrestQueryBuilder<...>', gave the following error.
    Argument of type '"slow_advanced_learners"' is not assignable to parameter of type '"departments" | "ai_insights" | "networking_contributions" | "performance_scores" | "profiles" | "research_activities" | "teaching_learning_activities" | "user_roles"'.
  Overload 2 of 2, '(relation: never): PostgrestQueryBuilder<{ PostgrestVersion: "14.4"; }, { Tables: { ai_insights: { Row: { confidence: number; description: string; generated_at: string; id: string; insight_type: string; title: string; user_id: string; }; Insert: { ...; }; Update: { ...; }; Relationships: []; }; ... 6 more ...; user_roles: { ...; }; }; Views: {}; Functions: { ...; }; Enums: { ...; }; CompositeTypes: {}; }, never, never, never>', gave the following error.
    Argument of type '"slow_advanced_learners"' is not assignable to parameter of type 'never'.
src/pages/faculty/Learners.tsx(176,15): error TS2769: No overload matches this call.
  Overload 1 of 2, '(relation: "departments" | "ai_insights" | "networking_contributions" | "performance_scores" | "profiles" | "research_activities" | "teaching_learning_activities" | "user_roles"): PostgrestQueryBuilder<...>', gave the following error.
    Argument of type '"slow_advanced_learners"' is not assignable to parameter of type '"departments" | "ai_insights" | "networking_contributions" | "performance_scores" | "profiles" | "research_activities" | "teaching_learning_activities" | "user_roles"'.
  Overload 2 of 2, '(relation: never): PostgrestQueryBuilder<{ PostgrestVersion: "14.4"; }, { Tables: { ai_insights: { Row: { confidence: number; description: string; generated_at: string; id: string; insight_type: string; title: string; user_id: string; }; Insert: { ...; }; Update: { ...; }; Relationships: []; }; ... 6 more ...; user_roles: { ...; }; }; Views: {}; Functions: { ...; }; Enums: { ...; }; CompositeTypes: {}; }, never, never, never>', gave the following error.
    Argument of type '"slow_advanced_learners"' is not assignable to parameter of type 'never'.
src/pages/faculty/Learners.tsx(261,19): error TS2322: Type '{ onFileSelect: Dispatch<SetStateAction<File>>; onRemove: () => void; isUploading: boolean; progress: number; currentFileUrl: string; currentFileName: string; acceptedFileTypes: string; }' is not assignable to type 'IntrinsicAttributes & FileUploadProps'.
  Property 'acceptedFileTypes' does not exist on type 'IntrinsicAttributes & FileUploadProps'.
src/pages/faculty/Patents.tsx(78,15): error TS2769: No overload matches this call.
  Overload 1 of 2, '(relation: "departments" | "ai_insights" | "networking_contributions" | "performance_scores" | "profiles" | "research_activities" | "teaching_learning_activities" | "user_roles"): PostgrestQueryBuilder<...>', gave the following error.
    Argument of type '"patents_records"' is not assignable to parameter of type '"departments" | "ai_insights" | "networking_contributions" | "performance_scores" | "profiles" | "research_activities" | "teaching_learning_activities" | "user_roles"'.
  Overload 2 of 2, '(relation: never): PostgrestQueryBuilder<{ PostgrestVersion: "14.4"; }, { Tables: { ai_insights: { Row: { confidence: number; description: string; generated_at: string; id: string; insight_type: string; title: string; user_id: string; }; Insert: { ...; }; Update: { ...; }; Relationships: []; }; ... 6 more ...; user_roles: { ...; }; }; Views: {}; Functions: { ...; }; Enums: { ...; }; CompositeTypes: {}; }, never, never, never>', gave the following error.
    Argument of type '"patents_records"' is not assignable to parameter of type 'never'.
src/pages/faculty/Patents.tsx(85,20): error TS2345: Argument of type '({ calculated_at: string; category: string; contribution_score: number; overall_score: number; research_score: number; teaching_score: number; user_id: string; } | { confidence: number; description: string; ... 4 more ...; user_id: string; } | ... 5 more ... | { ...; })[]' is not assignable to parameter of type 'SetStateAction<PatentRecord[]>'.
  Type '({ calculated_at: string; category: string; contribution_score: number; overall_score: number; research_score: number; teaching_score: number; user_id: string; } | { confidence: number; description: string; ... 4 more ...; user_id: string; } | ... 5 more ... | { ...; })[]' is not assignable to type 'PatentRecord[]'.
    Type '{ calculated_at: string; category: string; contribution_score: number; overall_score: number; research_score: number; teaching_score: number; user_id: string; } | { confidence: number; description: string; ... 4 more ...; user_id: string; } | ... 5 more ... | { ...; }' is not assignable to type 'PatentRecord'.
      Type '{ calculated_at: string; category: string; contribution_score: number; overall_score: number; research_score: number; teaching_score: number; user_id: string; }' is missing the following properties from type 'PatentRecord': id, title, patent_number, status, and 6 more.
src/pages/faculty/Patents.tsx(164,17): error TS2769: No overload matches this call.
  Overload 1 of 2, '(relation: "departments" | "ai_insights" | "networking_contributions" | "performance_scores" | "profiles" | "research_activities" | "teaching_learning_activities" | "user_roles"): PostgrestQueryBuilder<...>', gave the following error.
    Argument of type '"patents_records"' is not assignable to parameter of type '"departments" | "ai_insights" | "networking_contributions" | "performance_scores" | "profiles" | "research_activities" | "teaching_learning_activities" | "user_roles"'.
  Overload 2 of 2, '(relation: never): PostgrestQueryBuilder<{ PostgrestVersion: "14.4"; }, { Tables: { ai_insights: { Row: { confidence: number; description: string; generated_at: string; id: string; insight_type: string; title: string; user_id: string; }; Insert: { ...; }; Update: { ...; }; Relationships: []; }; ... 6 more ...; user_roles: { ...; }; }; Views: {}; Functions: { ...; }; Enums: { ...; }; CompositeTypes: {}; }, never, never, never>', gave the following error.
    Argument of type '"patents_records"' is not assignable to parameter of type 'never'.
src/pages/faculty/Patents.tsx(177,17): error TS2769: No overload matches this call.
  Overload 1 of 2, '(relation: "departments" | "ai_insights" | "networking_contributions" | "performance_scores" | "profiles" | "research_activities" | "teaching_learning_activities" | "user_roles"): PostgrestQueryBuilder<...>', gave the following error.
    Argument of type '"patents_records"' is not assignable to parameter of type '"departments" | "ai_insights" | "networking_contributions" | "performance_scores" | "profiles" | "research_activities" | "teaching_learning_activities" | "user_roles"'.
  Overload 2 of 2, '(relation: never): PostgrestQueryBuilder<{ PostgrestVersion: "14.4"; }, { Tables: { ai_insights: { Row: { confidence: number; description: string; generated_at: string; id: string; insight_type: string; title: string; user_id: string; }; Insert: { ...; }; Update: { ...; }; Relationships: []; }; ... 6 more ...; user_roles: { ...; }; }; Views: {}; Functions: { ...; }; Enums: { ...; }; CompositeTypes: {}; }, never, never, never>', gave the following error.
    Argument of type '"patents_records"' is not assignable to parameter of type 'never'.
src/pages/faculty/Patents.tsx(208,15): error TS2769: No overload matches this call.
  Overload 1 of 2, '(relation: "departments" | "ai_insights" | "networking_contributions" | "performance_scores" | "profiles" | "research_activities" | "teaching_learning_activities" | "user_roles"): PostgrestQueryBuilder<...>', gave the following error.
    Argument of type '"patents_records"' is not assignable to parameter of type '"departments" | "ai_insights" | "networking_contributions" | "performance_scores" | "profiles" | "research_activities" | "teaching_learning_activities" | "user_roles"'.
  Overload 2 of 2, '(relation: never): PostgrestQueryBuilder<{ PostgrestVersion: "14.4"; }, { Tables: { ai_insights: { Row: { confidence: number; description: string; generated_at: string; id: string; insight_type: string; title: string; user_id: string; }; Insert: { ...; }; Update: { ...; }; Relationships: []; }; ... 6 more ...; user_roles: { ...; }; }; Views: {}; Functions: { ...; }; Enums: { ...; }; CompositeTypes: {}; }, never, never, never>', gave the following error.
    Argument of type '"patents_records"' is not assignable to parameter of type 'never'.
src/pages/faculty/Pedagogies.tsx(63,15): error TS2769: No overload matches this call.
  Overload 1 of 2, '(relation: "departments" | "ai_insights" | "networking_contributions" | "performance_scores" | "profiles" | "research_activities" | "teaching_learning_activities" | "user_roles"): PostgrestQueryBuilder<...>', gave the following error.
    Argument of type '"teaching_learning_pedagogies"' is not assignable to parameter of type '"departments" | "ai_insights" | "networking_contributions" | "performance_scores" | "profiles" | "research_activities" | "teaching_learning_activities" | "user_roles"'.
  Overload 2 of 2, '(relation: never): PostgrestQueryBuilder<{ PostgrestVersion: "14.4"; }, { Tables: { ai_insights: { Row: { confidence: number; description: string; generated_at: string; id: string; insight_type: string; title: string; user_id: string; }; Insert: { ...; }; Update: { ...; }; Relationships: []; }; ... 6 more ...; user_roles: { ...; }; }; Views: {}; Functions: { ...; }; Enums: { ...; }; CompositeTypes: {}; }, never, never, never>', gave the following error.
    Argument of type '"teaching_learning_pedagogies"' is not assignable to parameter of type 'never'.
src/pages/faculty/Pedagogies.tsx(71,23): error TS2345: Argument of type '({ calculated_at: string; category: string; contribution_score: number; overall_score: number; research_score: number; teaching_score: number; user_id: string; } | { confidence: number; description: string; ... 4 more ...; user_id: string; } | ... 5 more ... | { ...; })[]' is not assignable to parameter of type 'SetStateAction<Pedagogy[]>'.
  Type '({ calculated_at: string; category: string; contribution_score: number; overall_score: number; research_score: number; teaching_score: number; user_id: string; } | { confidence: number; description: string; ... 4 more ...; user_id: string; } | ... 5 more ... | { ...; })[]' is not assignable to type 'Pedagogy[]'.
    Type '{ calculated_at: string; category: string; contribution_score: number; overall_score: number; research_score: number; teaching_score: number; user_id: string; } | { confidence: number; description: string; ... 4 more ...; user_id: string; } | ... 5 more ... | { ...; }' is not assignable to type 'Pedagogy'.
      Type '{ calculated_at: string; category: string; contribution_score: number; overall_score: number; research_score: number; teaching_score: number; user_id: string; }' is missing the following properties from type 'Pedagogy': id, subject_name, activity_name, link, and 2 more.
src/pages/faculty/Pedagogies.tsx(133,17): error TS2769: No overload matches this call.
  Overload 1 of 2, '(relation: "departments" | "ai_insights" | "networking_contributions" | "performance_scores" | "profiles" | "research_activities" | "teaching_learning_activities" | "user_roles"): PostgrestQueryBuilder<...>', gave the following error.
    Argument of type '"teaching_learning_pedagogies"' is not assignable to parameter of type '"departments" | "ai_insights" | "networking_contributions" | "performance_scores" | "profiles" | "research_activities" | "teaching_learning_activities" | "user_roles"'.
  Overload 2 of 2, '(relation: never): PostgrestQueryBuilder<{ PostgrestVersion: "14.4"; }, { Tables: { ai_insights: { Row: { confidence: number; description: string; generated_at: string; id: string; insight_type: string; title: string; user_id: string; }; Insert: { ...; }; Update: { ...; }; Relationships: []; }; ... 6 more ...; user_roles: { ...; }; }; Views: {}; Functions: { ...; }; Enums: { ...; }; CompositeTypes: {}; }, never, never, never>', gave the following error.
    Argument of type '"teaching_learning_pedagogies"' is not assignable to parameter of type 'never'.
src/pages/faculty/Pedagogies.tsx(147,17): error TS2769: No overload matches this call.
  Overload 1 of 2, '(relation: "departments" | "ai_insights" | "networking_contributions" | "performance_scores" | "profiles" | "research_activities" | "teaching_learning_activities" | "user_roles"): PostgrestQueryBuilder<...>', gave the following error.
    Argument of type '"teaching_learning_pedagogies"' is not assignable to parameter of type '"departments" | "ai_insights" | "networking_contributions" | "performance_scores" | "profiles" | "research_activities" | "teaching_learning_activities" | "user_roles"'.
  Overload 2 of 2, '(relation: never): PostgrestQueryBuilder<{ PostgrestVersion: "14.4"; }, { Tables: { ai_insights: { Row: { confidence: number; description: string; generated_at: string; id: string; insight_type: string; title: string; user_id: string; }; Insert: { ...; }; Update: { ...; }; Relationships: []; }; ... 6 more ...; user_roles: { ...; }; }; Views: {}; Functions: { ...; }; Enums: { ...; }; CompositeTypes: {}; }, never, never, never>', gave the following error.
    Argument of type '"teaching_learning_pedagogies"' is not assignable to parameter of type 'never'.
src/pages/faculty/Pedagogies.tsx(179,15): error TS2769: No overload matches this call.
  Overload 1 of 2, '(relation: "departments" | "ai_insights" | "networking_contributions" | "performance_scores" | "profiles" | "research_activities" | "teaching_learning_activities" | "user_roles"): PostgrestQueryBuilder<...>', gave the following error.
    Argument of type '"teaching_learning_pedagogies"' is not assignable to parameter of type '"departments" | "ai_insights" | "networking_contributions" | "performance_scores" | "profiles" | "research_activities" | "teaching_learning_activities" | "user_roles"'.
  Overload 2 of 2, '(relation: never): PostgrestQueryBuilder<{ PostgrestVersion: "14.4"; }, { Tables: { ai_insights: { Row: { confidence: number; description: string; generated_at: string; id: string; insight_type: string; title: string; user_id: string; }; Insert: { ...; }; Update: { ...; }; Relationships: []; }; ... 6 more ...; user_roles: { ...; }; }; Views: {}; Functions: { ...; }; Enums: { ...; }; CompositeTypes: {}; }, never, never, never>', gave the following error.
    Argument of type '"teaching_learning_pedagogies"' is not assignable to parameter of type 'never'.
src/pages/faculty/Pedagogies.tsx(261,19): error TS2322: Type '{ onFileSelect: Dispatch<SetStateAction<File>>; onRemove: () => void; isUploading: boolean; progress: number; currentFileUrl: string; currentFileName: string; acceptedFileTypes: string; }' is not assignable to type 'IntrinsicAttributes & FileUploadProps'.
  Property 'acceptedFileTypes' does not exist on type 'IntrinsicAttributes & FileUploadProps'.
src/pages/faculty/ProfessionalSociety.tsx(68,15): error TS2769: No overload matches this call.
  Overload 1 of 2, '(relation: "departments" | "ai_insights" | "networking_contributions" | "performance_scores" | "profiles" | "research_activities" | "teaching_learning_activities" | "user_roles"): PostgrestQueryBuilder<...>', gave the following error.
    Argument of type '"professional_membership_records"' is not assignable to parameter of type '"departments" | "ai_insights" | "networking_contributions" | "performance_scores" | "profiles" | "research_activities" | "teaching_learning_activities" | "user_roles"'.
  Overload 2 of 2, '(relation: never): PostgrestQueryBuilder<{ PostgrestVersion: "14.4"; }, { Tables: { ai_insights: { Row: { confidence: number; description: string; generated_at: string; id: string; insight_type: string; title: string; user_id: string; }; Insert: { ...; }; Update: { ...; }; Relationships: []; }; ... 6 more ...; user_roles: { ...; }; }; Views: {}; Functions: { ...; }; Enums: { ...; }; CompositeTypes: {}; }, never, never, never>', gave the following error.
    Argument of type '"professional_membership_records"' is not assignable to parameter of type 'never'.
src/pages/faculty/ProfessionalSociety.tsx(75,20): error TS2345: Argument of type '({ calculated_at: string; category: string; contribution_score: number; overall_score: number; research_score: number; teaching_score: number; user_id: string; } | { confidence: number; description: string; ... 4 more ...; user_id: string; } | ... 5 more ... | { ...; })[]' is not assignable to parameter of type 'SetStateAction<MembershipRecord[]>'.
  Type '({ calculated_at: string; category: string; contribution_score: number; overall_score: number; research_score: number; teaching_score: number; user_id: string; } | { confidence: number; description: string; ... 4 more ...; user_id: string; } | ... 5 more ... | { ...; })[]' is not assignable to type 'MembershipRecord[]'.
    Type '{ calculated_at: string; category: string; contribution_score: number; overall_score: number; research_score: number; teaching_score: number; user_id: string; } | { confidence: number; description: string; ... 4 more ...; user_id: string; } | ... 5 more ... | { ...; }' is not assignable to type 'MembershipRecord'.
      Type '{ calculated_at: string; category: string; contribution_score: number; overall_score: number; research_score: number; teaching_score: number; user_id: string; }' is missing the following properties from type 'MembershipRecord': id, society_name, membership_id, membership_type, and 2 more.
src/pages/faculty/ProfessionalSociety.tsx(126,17): error TS2769: No overload matches this call.
  Overload 1 of 2, '(relation: "departments" | "ai_insights" | "networking_contributions" | "performance_scores" | "profiles" | "research_activities" | "teaching_learning_activities" | "user_roles"): PostgrestQueryBuilder<...>', gave the following error.
    Argument of type '"professional_membership_records"' is not assignable to parameter of type '"departments" | "ai_insights" | "networking_contributions" | "performance_scores" | "profiles" | "research_activities" | "teaching_learning_activities" | "user_roles"'.
  Overload 2 of 2, '(relation: never): PostgrestQueryBuilder<{ PostgrestVersion: "14.4"; }, { Tables: { ai_insights: { Row: { confidence: number; description: string; generated_at: string; id: string; insight_type: string; title: string; user_id: string; }; Insert: { ...; }; Update: { ...; }; Relationships: []; }; ... 6 more ...; user_roles: { ...; }; }; Views: {}; Functions: { ...; }; Enums: { ...; }; CompositeTypes: {}; }, never, never, never>', gave the following error.
    Argument of type '"professional_membership_records"' is not assignable to parameter of type 'never'.
src/pages/faculty/ProfessionalSociety.tsx(139,17): error TS2769: No overload matches this call.
  Overload 1 of 2, '(relation: "departments" | "ai_insights" | "networking_contributions" | "performance_scores" | "profiles" | "research_activities" | "teaching_learning_activities" | "user_roles"): PostgrestQueryBuilder<...>', gave the following error.
    Argument of type '"professional_membership_records"' is not assignable to parameter of type '"departments" | "ai_insights" | "networking_contributions" | "performance_scores" | "profiles" | "research_activities" | "teaching_learning_activities" | "user_roles"'.
  Overload 2 of 2, '(relation: never): PostgrestQueryBuilder<{ PostgrestVersion: "14.4"; }, { Tables: { ai_insights: { Row: { confidence: number; description: string; generated_at: string; id: string; insight_type: string; title: string; user_id: string; }; Insert: { ...; }; Update: { ...; }; Relationships: []; }; ... 6 more ...; user_roles: { ...; }; }; Views: {}; Functions: { ...; }; Enums: { ...; }; CompositeTypes: {}; }, never, never, never>', gave the following error.
    Argument of type '"professional_membership_records"' is not assignable to parameter of type 'never'.
src/pages/faculty/ProfessionalSociety.tsx(171,15): error TS2769: No overload matches this call.
  Overload 1 of 2, '(relation: "departments" | "ai_insights" | "networking_contributions" | "performance_scores" | "profiles" | "research_activities" | "teaching_learning_activities" | "user_roles"): PostgrestQueryBuilder<...>', gave the following error.
    Argument of type '"professional_membership_records"' is not assignable to parameter of type '"departments" | "ai_insights" | "networking_contributions" | "performance_scores" | "profiles" | "research_activities" | "teaching_learning_activities" | "user_roles"'.
  Overload 2 of 2, '(relation: never): PostgrestQueryBuilder<{ PostgrestVersion: "14.4"; }, { Tables: { ai_insights: { Row: { confidence: number; description: string; generated_at: string; id: string; insight_type: string; title: string; user_id: string; }; Insert: { ...; }; Update: { ...; }; Relationships: []; }; ... 6 more ...; user_roles: { ...; }; }; Views: {}; Functions: { ...; }; Enums: { ...; }; CompositeTypes: {}; }, never, never, never>', gave the following error.
    Argument of type '"professional_membership_records"' is not assignable to parameter of type 'never'.
src/pages/faculty/ResearchGuidance.tsx(71,15): error TS2769: No overload matches this call.
  Overload 1 of 2, '(relation: "departments" | "ai_insights" | "networking_contributions" | "performance_scores" | "profiles" | "research_activities" | "teaching_learning_activities" | "user_roles"): PostgrestQueryBuilder<...>', gave the following error.
    Argument of type '"research_guidance_records"' is not assignable to parameter of type '"departments" | "ai_insights" | "networking_contributions" | "performance_scores" | "profiles" | "research_activities" | "teaching_learning_activities" | "user_roles"'.
  Overload 2 of 2, '(relation: never): PostgrestQueryBuilder<{ PostgrestVersion: "14.4"; }, { Tables: { ai_insights: { Row: { confidence: number; description: string; generated_at: string; id: string; insight_type: string; title: string; user_id: string; }; Insert: { ...; }; Update: { ...; }; Relationships: []; }; ... 6 more ...; user_roles: { ...; }; }; Views: {}; Functions: { ...; }; Enums: { ...; }; CompositeTypes: {}; }, never, never, never>', gave the following error.
    Argument of type '"research_guidance_records"' is not assignable to parameter of type 'never'.
src/pages/faculty/ResearchGuidance.tsx(78,20): error TS2345: Argument of type '({ calculated_at: string; category: string; contribution_score: number; overall_score: number; research_score: number; teaching_score: number; user_id: string; } | { confidence: number; description: string; ... 4 more ...; user_id: string; } | ... 5 more ... | { ...; })[]' is not assignable to parameter of type 'SetStateAction<ResearchGuidanceRecord[]>'.
  Type '({ calculated_at: string; category: string; contribution_score: number; overall_score: number; research_score: number; teaching_score: number; user_id: string; } | { confidence: number; description: string; ... 4 more ...; user_id: string; } | ... 5 more ... | { ...; })[]' is not assignable to type 'ResearchGuidanceRecord[]'.
    Type '{ calculated_at: string; category: string; contribution_score: number; overall_score: number; research_score: number; teaching_score: number; user_id: string; } | { confidence: number; description: string; ... 4 more ...; user_id: string; } | ... 5 more ... | { ...; }' is not assignable to type 'ResearchGuidanceRecord'.
      Type '{ calculated_at: string; category: string; contribution_score: number; overall_score: number; research_score: number; teaching_score: number; user_id: string; }' is missing the following properties from type 'ResearchGuidanceRecord': id, student_name, degree, project_title, and 4 more.
src/pages/faculty/ResearchGuidance.tsx(140,17): error TS2769: No overload matches this call.
  Overload 1 of 2, '(relation: "departments" | "ai_insights" | "networking_contributions" | "performance_scores" | "profiles" | "research_activities" | "teaching_learning_activities" | "user_roles"): PostgrestQueryBuilder<...>', gave the following error.
    Argument of type '"research_guidance_records"' is not assignable to parameter of type '"departments" | "ai_insights" | "networking_contributions" | "performance_scores" | "profiles" | "research_activities" | "teaching_learning_activities" | "user_roles"'.
  Overload 2 of 2, '(relation: never): PostgrestQueryBuilder<{ PostgrestVersion: "14.4"; }, { Tables: { ai_insights: { Row: { confidence: number; description: string; generated_at: string; id: string; insight_type: string; title: string; user_id: string; }; Insert: { ...; }; Update: { ...; }; Relationships: []; }; ... 6 more ...; user_roles: { ...; }; }; Views: {}; Functions: { ...; }; Enums: { ...; }; CompositeTypes: {}; }, never, never, never>', gave the following error.
    Argument of type '"research_guidance_records"' is not assignable to parameter of type 'never'.
src/pages/faculty/ResearchGuidance.tsx(153,17): error TS2769: No overload matches this call.
  Overload 1 of 2, '(relation: "departments" | "ai_insights" | "networking_contributions" | "performance_scores" | "profiles" | "research_activities" | "teaching_learning_activities" | "user_roles"): PostgrestQueryBuilder<...>', gave the following error.
    Argument of type '"research_guidance_records"' is not assignable to parameter of type '"departments" | "ai_insights" | "networking_contributions" | "performance_scores" | "profiles" | "research_activities" | "teaching_learning_activities" | "user_roles"'.
  Overload 2 of 2, '(relation: never): PostgrestQueryBuilder<{ PostgrestVersion: "14.4"; }, { Tables: { ai_insights: { Row: { confidence: number; description: string; generated_at: string; id: string; insight_type: string; title: string; user_id: string; }; Insert: { ...; }; Update: { ...; }; Relationships: []; }; ... 6 more ...; user_roles: { ...; }; }; Views: {}; Functions: { ...; }; Enums: { ...; }; CompositeTypes: {}; }, never, never, never>', gave the following error.
    Argument of type '"research_guidance_records"' is not assignable to parameter of type 'never'.
src/pages/faculty/ResearchGuidance.tsx(184,15): error TS2769: No overload matches this call.
  Overload 1 of 2, '(relation: "departments" | "ai_insights" | "networking_contributions" | "performance_scores" | "profiles" | "research_activities" | "teaching_learning_activities" | "user_roles"): PostgrestQueryBuilder<...>', gave the following error.
    Argument of type '"research_guidance_records"' is not assignable to parameter of type '"departments" | "ai_insights" | "networking_contributions" | "performance_scores" | "profiles" | "research_activities" | "teaching_learning_activities" | "user_roles"'.
  Overload 2 of 2, '(relation: never): PostgrestQueryBuilder<{ PostgrestVersion: "14.4"; }, { Tables: { ai_insights: { Row: { confidence: number; description: string; generated_at: string; id: string; insight_type: string; title: string; user_id: string; }; Insert: { ...; }; Update: { ...; }; Relationships: []; }; ... 6 more ...; user_roles: { ...; }; }; Views: {}; Functions: { ...; }; Enums: { ...; }; CompositeTypes: {}; }, never, never, never>', gave the following error.
    Argument of type '"research_guidance_records"' is not assignable to parameter of type 'never'.
src/pages/faculty/ResearchManagement.tsx(69,15): error TS2769: No overload matches this call.
  Overload 1 of 2, '(relation: "departments" | "ai_insights" | "networking_contributions" | "performance_scores" | "profiles" | "research_activities" | "teaching_learning_activities" | "user_roles"): PostgrestQueryBuilder<...>', gave the following error.
    Argument of type '"research_papers"' is not assignable to parameter of type '"departments" | "ai_insights" | "networking_contributions" | "performance_scores" | "profiles" | "research_activities" | "teaching_learning_activities" | "user_roles"'.
  Overload 2 of 2, '(relation: never): PostgrestQueryBuilder<{ PostgrestVersion: "14.4"; }, { Tables: { ai_insights: { Row: { confidence: number; description: string; generated_at: string; id: string; insight_type: string; title: string; user_id: string; }; Insert: { ...; }; Update: { ...; }; Relationships: []; }; ... 6 more ...; user_roles: { ...; }; }; Views: {}; Functions: { ...; }; Enums: { ...; }; CompositeTypes: {}; }, never, never, never>', gave the following error.
    Argument of type '"research_papers"' is not assignable to parameter of type 'never'.
src/pages/faculty/ResearchManagement.tsx(74,17): error TS2345: Argument of type '({ calculated_at: string; category: string; contribution_score: number; overall_score: number; research_score: number; teaching_score: number; user_id: string; } | { confidence: number; description: string; ... 4 more ...; user_id: string; } | ... 5 more ... | { ...; })[]' is not assignable to parameter of type 'SetStateAction<ResearchPaper[]>'.
  Type '({ calculated_at: string; category: string; contribution_score: number; overall_score: number; research_score: number; teaching_score: number; user_id: string; } | { confidence: number; description: string; ... 4 more ...; user_id: string; } | ... 5 more ... | { ...; })[]' is not assignable to type 'ResearchPaper[]'.
    Type '{ calculated_at: string; category: string; contribution_score: number; overall_score: number; research_score: number; teaching_score: number; user_id: string; } | { confidence: number; description: string; ... 4 more ...; user_id: string; } | ... 5 more ... | { ...; }' is not assignable to type 'ResearchPaper'.
      Type '{ calculated_at: string; category: string; contribution_score: number; overall_score: number; research_score: number; teaching_score: number; user_id: string; }' is missing the following properties from type 'ResearchPaper': id, title, journal, publication_year, and 5 more.
src/pages/faculty/ResearchManagement.tsx(145,17): error TS2769: No overload matches this call.
  Overload 1 of 2, '(relation: "departments" | "ai_insights" | "networking_contributions" | "performance_scores" | "profiles" | "research_activities" | "teaching_learning_activities" | "user_roles"): PostgrestQueryBuilder<...>', gave the following error.
    Argument of type '"research_papers"' is not assignable to parameter of type '"departments" | "ai_insights" | "networking_contributions" | "performance_scores" | "profiles" | "research_activities" | "teaching_learning_activities" | "user_roles"'.
  Overload 2 of 2, '(relation: never): PostgrestQueryBuilder<{ PostgrestVersion: "14.4"; }, { Tables: { ai_insights: { Row: { confidence: number; description: string; generated_at: string; id: string; insight_type: string; title: string; user_id: string; }; Insert: { ...; }; Update: { ...; }; Relationships: []; }; ... 6 more ...; user_roles: { ...; }; }; Views: {}; Functions: { ...; }; Enums: { ...; }; CompositeTypes: {}; }, never, never, never>', gave the following error.
    Argument of type '"research_papers"' is not assignable to parameter of type 'never'.
src/pages/faculty/ResearchManagement.tsx(153,17): error TS2769: No overload matches this call.
  Overload 1 of 2, '(relation: "departments" | "ai_insights" | "networking_contributions" | "performance_scores" | "profiles" | "research_activities" | "teaching_learning_activities" | "user_roles"): PostgrestQueryBuilder<...>', gave the following error.
    Argument of type '"research_papers"' is not assignable to parameter of type '"departments" | "ai_insights" | "networking_contributions" | "performance_scores" | "profiles" | "research_activities" | "teaching_learning_activities" | "user_roles"'.
  Overload 2 of 2, '(relation: never): PostgrestQueryBuilder<{ PostgrestVersion: "14.4"; }, { Tables: { ai_insights: { Row: { confidence: number; description: string; generated_at: string; id: string; insight_type: string; title: string; user_id: string; }; Insert: { ...; }; Update: { ...; }; Relationships: []; }; ... 6 more ...; user_roles: { ...; }; }; Views: {}; Functions: { ...; }; Enums: { ...; }; CompositeTypes: {}; }, never, never, never>', gave the following error.
    Argument of type '"research_papers"' is not assignable to parameter of type 'never'.
src/pages/faculty/ResearchManagement.tsx(175,15): error TS2769: No overload matches this call.
  Overload 1 of 2, '(relation: "departments" | "ai_insights" | "networking_contributions" | "performance_scores" | "profiles" | "research_activities" | "teaching_learning_activities" | "user_roles"): PostgrestQueryBuilder<...>', gave the following error.
    Argument of type '"research_papers"' is not assignable to parameter of type '"departments" | "ai_insights" | "networking_contributions" | "performance_scores" | "profiles" | "research_activities" | "teaching_learning_activities" | "user_roles"'.
  Overload 2 of 2, '(relation: never): PostgrestQueryBuilder<{ PostgrestVersion: "14.4"; }, { Tables: { ai_insights: { Row: { confidence: number; description: string; generated_at: string; id: string; insight_type: string; title: string; user_id: string; }; Insert: { ...; }; Update: { ...; }; Relationships: []; }; ... 6 more ...; user_roles: { ...; }; }; Views: {}; Functions: { ...; }; Enums: { ...; }; CompositeTypes: {}; }, never, never, never>', gave the following error.
    Argument of type '"research_papers"' is not assignable to parameter of type 'never'.
src/pages/hod/HODDashboard.tsx(70,25): error TS2345: Argument of type 'SelectQueryError<"column 'trend' does not exist on 'performance_scores'.">[]' is not assignable to parameter of type 'SetStateAction<PerformanceData[]>'.
  Type 'SelectQueryError<"column 'trend' does not exist on 'performance_scores'.">[]' is not assignable to type 'PerformanceData[]'.
    Type '{ error: true; } & String' is missing the following properties from type 'PerformanceData': user_id, overall_score, category, trend
src/pages/hod/HODDashboard.tsx(74,25): error TS2769: No overload matches this call.
  Overload 1 of 2, '(relation: "departments" | "ai_insights" | "networking_contributions" | "performance_scores" | "profiles" | "research_activities" | "teaching_learning_activities" | "user_roles"): PostgrestQueryBuilder<...>', gave the following error.
    Argument of type '"research_papers"' is not assignable to parameter of type '"departments" | "ai_insights" | "networking_contributions" | "performance_scores" | "profiles" | "research_activities" | "teaching_learning_activities" | "user_roles"'.
  Overload 2 of 2, '(relation: never): PostgrestQueryBuilder<{ PostgrestVersion: "14.4"; }, { Tables: { ai_insights: { Row: { confidence: number; description: string; generated_at: string; id: string; insight_type: string; title: string; user_id: string; }; Insert: { ...; }; Update: { ...; }; Relationships: []; }; ... 6 more ...; user_roles: { ...; }; }; Views: {}; Functions: { ...; }; Enums: { ...; }; CompositeTypes: {}; }, never, never, never>', gave the following error.
    Argument of type '"research_papers"' is not assignable to parameter of type 'never'.
src/pages/hod/HODDashboard.tsx(75,25): error TS2769: No overload matches this call.
  Overload 1 of 2, '(relation: "departments" | "ai_insights" | "networking_contributions" | "performance_scores" | "profiles" | "research_activities" | "teaching_learning_activities" | "user_roles"): PostgrestQueryBuilder<...>', gave the following error.
    Argument of type '"certifications"' is not assignable to parameter of type '"departments" | "ai_insights" | "networking_contributions" | "performance_scores" | "profiles" | "research_activities" | "teaching_learning_activities" | "user_roles"'.
  Overload 2 of 2, '(relation: never): PostgrestQueryBuilder<{ PostgrestVersion: "14.4"; }, { Tables: { ai_insights: { Row: { confidence: number; description: string; generated_at: string; id: string; insight_type: string; title: string; user_id: string; }; Insert: { ...; }; Update: { ...; }; Relationships: []; }; ... 6 more ...; user_roles: { ...; }; }; Views: {}; Functions: { ...; }; Enums: { ...; }; CompositeTypes: {}; }, never, never, never>', gave the following error.
    Argument of type '"certifications"' is not assignable to parameter of type 'never'.
